Archive member included to satisfy reference by file (symbol)

.\CortexM3\ARM_GCC_541\Debug\EClock.a(ErikaOS_ee_activate.o)
                              .\CortexM3\ARM_GCC_541\Debug\main.o (EE_oo_ActivateTask)
.\CortexM3\ARM_GCC_541\Debug\EClock.a(ErikaOS_ee_alsetrel.o)
                              .\CortexM3\ARM_GCC_541\Debug\main.o (EE_oo_SetRelAlarm)
.\CortexM3\ARM_GCC_541\Debug\EClock.a(ErikaOS_ee_altick.o)
                              .\CortexM3\ARM_GCC_541\Debug\EClock.a(ErikaOS_ee_alsetrel.o) (EE_oo_counter_object_insert)
.\CortexM3\ARM_GCC_541\Debug\EClock.a(ErikaOS_ee_evclear.o)
                              .\CortexM3\ARM_GCC_541\Debug\tsk_control.o (EE_oo_ClearEvent)
.\CortexM3\ARM_GCC_541\Debug\EClock.a(ErikaOS_ee_evget.o)
                              .\CortexM3\ARM_GCC_541\Debug\tsk_control.o (EE_oo_GetEvent)
.\CortexM3\ARM_GCC_541\Debug\EClock.a(ErikaOS_ee_evset.o)
                              .\CortexM3\ARM_GCC_541\Debug\main.o (EE_oo_SetEvent)
.\CortexM3\ARM_GCC_541\Debug\EClock.a(ErikaOS_ee_evwait.o)
                              .\CortexM3\ARM_GCC_541\Debug\tsk_control.o (EE_oo_WaitEvent)
.\CortexM3\ARM_GCC_541\Debug\EClock.a(ErikaOS_ee_irqendin.o)
                              .\CortexM3\ARM_GCC_541\Debug\main.o (EE_IRQ_end_post_stub)
.\CortexM3\ARM_GCC_541\Debug\EClock.a(ErikaOS_ee_lookup.o)
                              .\CortexM3\ARM_GCC_541\Debug\EClock.a(ErikaOS_ee_irqendin.o) (EE_oo_IRQ_disable_count)
.\CortexM3\ARM_GCC_541\Debug\EClock.a(ErikaOS_ee_rq_exchg.o)
                              .\CortexM3\ARM_GCC_541\Debug\EClock.a(ErikaOS_ee_activate.o) (EE_rq2stk_exchange)
.\CortexM3\ARM_GCC_541\Debug\EClock.a(ErikaOS_ee_rq_first.o)
                              .\CortexM3\ARM_GCC_541\Debug\EClock.a(ErikaOS_ee_activate.o) (EE_rq_queryfirst)
.\CortexM3\ARM_GCC_541\Debug\EClock.a(ErikaOS_ee_rq_inser.o)
                              .\CortexM3\ARM_GCC_541\Debug\EClock.a(ErikaOS_ee_activate.o) (EE_rq_insert)
.\CortexM3\ARM_GCC_541\Debug\EClock.a(ErikaOS_ee_startos.o)
                              .\CortexM3\ARM_GCC_541\Debug\main.o (EE_oo_StartOS)
.\CortexM3\ARM_GCC_541\Debug\EClock.a(ErikaOS_ee_terminat.o)
                              .\CortexM3\ARM_GCC_541\Debug\main.o (EE_oo_TerminateTask)
.\CortexM3\ARM_GCC_541\Debug\EClock.a(ErikaOS_cortex_mx_ee_utils.o)
                              .\CortexM3\ARM_GCC_541\Debug\main.o (EE_system_init)
.\CortexM3\ARM_GCC_541\Debug\EClock.a(ErikaOS_common_ee_hal_structs.o)
                              .\CortexM3\ARM_GCC_541\Debug\EClock.a(ErikaOS_ee_irqendin.o) (EE_std_endcycle_next_tid)
.\CortexM3\ARM_GCC_541\Debug\EClock.a(ErikaOS_eecfg.o)
                              .\CortexM3\ARM_GCC_541\Debug\EClock.a(ErikaOS_ee_startos.o) (EE_oo_autostart_task_data)
.\CortexM3\ARM_GCC_541\Debug\EClock.a(TFT_SPI.o)
                              .\CortexM3\ARM_GCC_541\Debug\tft.o (TFT_SPI_WriteTxData)
.\CortexM3\ARM_GCC_541\Debug\EClock.a(TFT_DC.o)
                              .\CortexM3\ARM_GCC_541\Debug\tft.o (TFT_DC_Write)
.\CortexM3\ARM_GCC_541\Debug\EClock.a(TFT_RES.o)
                              .\CortexM3\ARM_GCC_541\Debug\tft.o (TFT_RES_Write)
.\CortexM3\ARM_GCC_541\Debug\EClock.a(TFT_BackLight.o)
                              .\CortexM3\ARM_GCC_541\Debug\tft.o (TFT_BackLight_WriteCompare)
.\CortexM3\ARM_GCC_541\Debug\EClock.a(TFT_SPI_IntClock.o)
                              .\CortexM3\ARM_GCC_541\Debug\EClock.a(TFT_SPI.o) (TFT_SPI_IntClock_Start)
.\CortexM3\ARM_GCC_541\Debug\EClock.a(CyLib.o)
                              .\CortexM3\ARM_GCC_541\Debug\Cm3Start.o (CyHalt)
.\CortexM3\ARM_GCC_541\Debug\EClock.a(cyPm.o)
                              .\CortexM3\ARM_GCC_541\Debug\EClock.a(CyLib.o) (CyPmReadStatus)
.\CortexM3\ARM_GCC_541\Debug\EClock.a(UART_LOG.o)
                              .\CortexM3\ARM_GCC_541\Debug\logging.o (UART_LOG_Start)
.\CortexM3\ARM_GCC_541\Debug\EClock.a(UART_LOG_IntClock.o)
                              .\CortexM3\ARM_GCC_541\Debug\EClock.a(UART_LOG.o) (UART_LOG_IntClock_Start)
.\CortexM3\ARM_GCC_541\Debug\EClock.a(Button_1.o)
                              .\CortexM3\ARM_GCC_541\Debug\main.o (Button_1_Read)
.\CortexM3\ARM_GCC_541\Debug\EClock.a(Button_2.o)
                              .\CortexM3\ARM_GCC_541\Debug\main.o (Button_2_Read)
.\CortexM3\ARM_GCC_541\Debug\EClock.a(ErikaOS_ee_gnu_change_context_isr.o)
                              .\CortexM3\ARM_GCC_541\Debug\main.o (EE_switch_context)
.\CortexM3\ARM_GCC_541\Debug\EClock.a(ErikaOS_ee_gnu_irq_stack.o)
                              .\CortexM3\ARM_GCC_541\Debug\main.o (EE_cortex_mx_change_IRQ_stack)
.\CortexM3\ARM_GCC_541\Debug\EClock.a(ErikaOS_ee_gnu_multi_context.o)
                              .\CortexM3\ARM_GCC_541\Debug\EClock.a(ErikaOS_ee_activate.o) (EE_cortex_mx_change_context)
.\CortexM3\ARM_GCC_541\Debug\EClock.a(ErikaOS_ee_gnu_oo.o)
                              .\CortexM3\ARM_GCC_541\Debug\EClock.a(ErikaOS_ee_terminat.o) (EE_hal_terminate_task)
[...]
Memory Configuration

Name             Origin             Length             Attributes
rom              0x00000000         0x00040000         xr
ram              0x1fff8000         0x00010000         xrw
*default*        0x00000000         0xffffffff

Linker script and memory map

LOAD c:/program files (x86)/cypress/psoc creator/4.4/psoc creator/import/gnu/arm/5.4.1/bin/../lib/gcc/arm-none-eabi/5.4.1/armv7-m/crti.o
LOAD c:/program files (x86)/cypress/psoc creator/4.4/psoc creator/import/gnu/arm/5.4.1/bin/../lib/gcc/arm-none-eabi/5.4.1/armv7-m/crtbegin.o
LOAD c:/program files (x86)/cypress/psoc creator/4.4/psoc creator/import/gnu/arm/5.4.1/bin/../lib/gcc/arm-none-eabi/5.4.1/../../../../arm-none-eabi/lib/armv7-m/crt0.o
START GROUP
LOAD .\CortexM3\ARM_GCC_541\Debug\tft.o
LOAD .\CortexM3\ARM_GCC_541\Debug\logging.o
LOAD .\CortexM3\ARM_GCC_541\Debug\main.o
LOAD .\CortexM3\ARM_GCC_541\Debug\swc_clock.o
LOAD .\CortexM3\ARM_GCC_541\Debug\tsk_control.o
LOAD .\CortexM3\ARM_GCC_541\Debug\tsk_input.o
LOAD .\CortexM3\ARM_GCC_541\Debug\tsk_system.o
LOAD .\CortexM3\ARM_GCC_541\Debug\clock.o
LOAD .\CortexM3\ARM_GCC_541\Debug\statemachine.o
LOAD .\CortexM3\ARM_GCC_541\Debug\rte.o
LOAD .\CortexM3\ARM_GCC_541\Debug\sc_control.o
LOAD .\CortexM3\ARM_GCC_541\Debug\sc_display.o
LOAD .\CortexM3\ARM_GCC_541\Debug\sc_display_type.o
LOAD .\CortexM3\ARM_GCC_541\Debug\sc_input.o
LOAD .\CortexM3\ARM_GCC_541\Debug\sc_input_type.o
LOAD .\CortexM3\ARM_GCC_541\Debug\sp_common.o
LOAD .\CortexM3\ARM_GCC_541\Debug\cyfitter_cfg.o
LOAD .\CortexM3\ARM_GCC_541\Debug\cymetadata.o
LOAD .\CortexM3\ARM_GCC_541\Debug\Cm3Start.o
LOAD .\CortexM3\ARM_GCC_541\Debug\EClock.a
LOAD C:\Program Files (x86)\Cypress\PSoC Creator\4.4\PSoC Creator\psoc\content\cycomponentlibrary\CyComponentLibrary.cylib\CortexM3\ARM_GCC_541\Debug\CyComponentLibrary.a
END GROUP
START GROUP
LOAD c:/program files (x86)/cypress/psoc creator/4.4/psoc creator/import/gnu/arm/5.4.1/bin/../lib/gcc/arm-none-eabi/5.4.1/armv7-m\libgcc.a
LOAD c:/program files (x86)/cypress/psoc creator/4.4/psoc creator/import/gnu/arm/5.4.1/bin/../lib/gcc/arm-none-eabi/5.4.1/../../../../arm-none-eabi/lib/armv7-m\libg_nano.a
LOAD c:/program files (x86)/cypress/psoc creator/4.4/psoc creator/import/gnu/arm/5.4.1/bin/../lib/gcc/arm-none-eabi/5.4.1/../../../../arm-none-eabi/lib/armv7-m\libc_nano.a
END GROUP
START GROUP
LOAD c:/program files (x86)/cypress/psoc creator/4.4/psoc creator/import/gnu/arm/5.4.1/bin/../lib/gcc/arm-none-eabi/5.4.1/armv7-m\libgcc.a
LOAD c:/program files (x86)/cypress/psoc creator/4.4/psoc creator/import/gnu/arm/5.4.1/bin/../lib/gcc/arm-none-eabi/5.4.1/../../../../arm-none-eabi/lib/armv7-m\libc_nano.a
END GROUP
LOAD c:/program files (x86)/cypress/psoc creator/4.4/psoc creator/import/gnu/arm/5.4.1/bin/../lib/gcc/arm-none-eabi/5.4.1/armv7-m/crtend.o
LOAD c:/program files (x86)/cypress/psoc creator/4.4/psoc creator/import/gnu/arm/5.4.1/bin/../lib/gcc/arm-none-eabi/5.4.1/armv7-m/crtn.o
START GROUP
LOAD c:/program files (x86)/cypress/psoc creator/4.4/psoc creator/import/gnu/arm/5.4.1/bin/../lib/gcc/arm-none-eabi/5.4.1/armv7-m\libgcc.a
LOAD c:/program files (x86)/cypress/psoc creator/4.4/psoc creator/import/gnu/arm/5.4.1/bin/../lib/gcc/arm-none-eabi/5.4.1/../../../../arm-none-eabi/lib/armv7-m\libc.a
LOAD c:/program files (x86)/cypress/psoc creator/4.4/psoc creator/import/gnu/arm/5.4.1/bin/../lib/gcc/arm-none-eabi/5.4.1/../../../../arm-none-eabi/lib/armv7-m\libnosys.a
END GROUP
                0x00000000                CY_APPL_ORIGIN = 0x0
                0x00000100                CY_FLASH_ROW_SIZE = 0x100
                0x00000020                CY_ECC_ROW_SIZE = 0x20
                0x00000000                CY_EE_IN_BTLDR = 0x0
                0x00000000                CY_APPL_LOADABLE = 0x0
                0x00000800                CY_EE_SIZE = 0x800
                0x00000001                CY_APPL_NUM = 0x1
                0x00000001                CY_APPL_MAX = 0x1
                0x00000040                CY_METADATA_SIZE = 0x40
                0x00000000                CY_APPL_LOADABLE = 0x0
                0x00000000                CY_CHECKSUM_EXCLUDE_SIZE = ALIGN (0x0, CY_FLASH_ROW_SIZE)
                [!provide]                PROVIDE (__cy_heap_start, _end)
                0x00000001                PROVIDE (__cy_region_num, ((__cy_regions_end - __cy_regions) / 0x10))
                0x20008000                PROVIDE (__cy_stack, (ORIGIN (ram) + LENGTH (ram)))
                [!provide]                PROVIDE (__cy_heap_end, (__cy_stack - 0x800))

.cybootloader   0x00000000        0x0
 *(.cybootloader)
                0x00000000                appl1_start = CY_APPL_ORIGIN?CY_APPL_ORIGIN:ALIGN (CY_FLASH_ROW_SIZE)
                0x0001ff00                appl2_start = (appl1_start + ALIGN ((((LENGTH (rom) - appl1_start) - (0x2 * CY_FLASH_ROW_SIZE)) / 0x2), CY_FLASH_ROW_SIZE))
                0x00000000                appl_start = (CY_APPL_NUM == 0x1)?appl1_start:appl2_start
                0x00000000                ecc_offset = ((appl_start / CY_FLASH_ROW_SIZE) * CY_ECC_ROW_SIZE)
                0x00000000                ee_offset = (CY_APPL_LOADABLE && ! (CY_EE_IN_BTLDR))?((CY_EE_SIZE / CY_APPL_MAX) * (CY_APPL_NUM - 0x1)):0x0
                0x00000800                ee_size = (CY_APPL_LOADABLE && ! (CY_EE_IN_BTLDR))?(CY_EE_SIZE / CY_APPL_MAX):CY_EE_SIZE
                [!provide]                PROVIDE (CY_ECC_OFFSET, ecc_offset)

.text           0x00000000     0x3d8c
 CREATE_OBJECT_SYMBOLS
                0x00000000                PROVIDE (__cy_interrupt_vector, RomVectors)
 *(.romvectors)
 .romvectors    0x00000000       0x10 .\CortexM3\ARM_GCC_541\Debug\Cm3Start.o
                0x00000000                RomVectors
                0x00000001                ASSERT ((. != __cy_interrupt_vector), No interrupt vector)
                0x00000001                ASSERT (CY_APPL_ORIGIN?(SIZEOF (.cybootloader) <= CY_APPL_ORIGIN):0x1, Wrong image location)
                0x00000010                PROVIDE (__cy_reset, Reset)
 *(.text.Reset)
 .text.Reset    0x00000010       0x18 .\CortexM3\ARM_GCC_541\Debug\Cm3Start.o
                0x00000010                Reset
                0x00000001                ASSERT ((. != __cy_reset), No reset code)
 *(.dma_init)
                0x00000001                ASSERT ((((appl_start + .) <= 0x10000) || 0x1), DMA Init must be within the first 64k of flash)
 *(.text .text.* .gnu.linkonce.t.*)
 .text          0x00000028       0x5c c:/program files (x86)/cypress/psoc creator/4.4/psoc creator/import/gnu/arm/5.4.1/bin/../lib/gcc/arm-none-eabi/5.4.1/armv7-m/crtbegin.o
 .text.__TFT_SPI_TX_ISR
                0x00000084       0x58 .\CortexM3\ARM_GCC_541\Debug\tft.o
                0x00000084                __TFT_SPI_TX_ISR
 .text.TFT_send
                0x000000dc       0x84 .\CortexM3\ARM_GCC_541\Debug\tft.o
 .text.setAddrWindow
                0x00000160       0x88 .\CortexM3\ARM_GCC_541\Debug\tft.o
 .text.TFT_setRotation
                0x000001e8       0xc0 .\CortexM3\ARM_GCC_541\Debug\tft.o
                0x000001e8                TFT_setRotation
 .text.TFT_setCursor
                0x000002a8       0x10 .\CortexM3\ARM_GCC_541\Debug\tft.o
                0x000002a8                TFT_setCursor
 .text.TFT_setColors
                0x000002b8       0x10 .\CortexM3\ARM_GCC_541\Debug\tft.o
                0x000002b8                TFT_setColors
 .text.TFT_setTextSize
                0x000002c8       0x10 .\CortexM3\ARM_GCC_541\Debug\tft.o
                0x000002c8                TFT_setTextSize
 .text.TFT_fillRect
                0x000002d8       0x8c .\CortexM3\ARM_GCC_541\Debug\tft.o
                0x000002d8                TFT_fillRect
 .text.TFT_fillScreen
                0x00000364       0x24 .\CortexM3\ARM_GCC_541\Debug\tft.o
                0x00000364                TFT_fillScreen
 .text.TFT_init
                0x00000388       0xe4 .\CortexM3\ARM_GCC_541\Debug\tft.o
                0x00000388                TFT_init
 .text.TFT_drawPixel
                0x0000046c       0x50 .\CortexM3\ARM_GCC_541\Debug\tft.o
                0x0000046c                TFT_drawPixel
 .text.TFT_fastVLine
                0x000004bc       0x64 .\CortexM3\ARM_GCC_541\Debug\tft.o
                0x000004bc                TFT_fastVLine
 .text.TFT_drawChar
                0x00000520      0x21c .\CortexM3\ARM_GCC_541\Debug\tft.o
                0x00000520                TFT_drawChar
 .text.TFT_write
                0x0000073c      0x144 .\CortexM3\ARM_GCC_541\Debug\tft.o
                0x0000073c                TFT_write
 .text.TFT_print
                0x00000880       0x14 .\CortexM3\ARM_GCC_541\Debug\tft.o
                0x00000880                TFT_print
 .text.LOG_send
                0x00000894       0x2c .\CortexM3\ARM_GCC_541\Debug\logging.o
                0x00000894                LOG_send
 .text.ISR2_systick_handler
                0x000008c0        0xc .\CortexM3\ARM_GCC_541\Debug\main.o
                0x000008c0                ISR2_systick_handler
 .text.systick_handler
                0x000008cc       0x98 .\CortexM3\ARM_GCC_541\Debug\main.o
                0x000008cc                systick_handler
 .text.callback_function
                0x00000964       0x10 .\CortexM3\ARM_GCC_541\Debug\main.o
                0x00000964                callback_function
 .text.main     0x00000974       0x28 .\CortexM3\ARM_GCC_541\Debug\main.o
                0x00000974                main
 .text.Functsk_init
                0x0000099c       0x74 .\CortexM3\ARM_GCC_541\Debug\main.o
                0x0000099c                Functsk_init
 .text.Functsk_background
                0x00000a10        0x4 .\CortexM3\ARM_GCC_541\Debug\main.o
                0x00000a10                Functsk_background
 .text.ISR2_isr_button
                0x00000a14       0x1c .\CortexM3\ARM_GCC_541\Debug\main.o
                0x00000a14                ISR2_isr_button
 .text.isr_button
                0x00000a30       0x98 .\CortexM3\ARM_GCC_541\Debug\main.o
                0x00000a30                isr_button
 .text.CLOCK_input_run
                0x00000ac8      0x1b4 .\CortexM3\ARM_GCC_541\Debug\swc_clock.o
                0x00000ac8                CLOCK_input_run
 .text.CLOCK_control_run
                0x00000c7c       0x4c .\CortexM3\ARM_GCC_541\Debug\swc_clock.o
                0x00000c7c                CLOCK_control_run
 .text.CLOCK_display_run
                0x00000cc8       0x98 .\CortexM3\ARM_GCC_541\Debug\swc_clock.o
                0x00000cc8                CLOCK_display_run
 .text.Functsk_control
                0x00000d60       0x2c .\CortexM3\ARM_GCC_541\Debug\tsk_control.o
                0x00000d60                Functsk_control
 .text.Functsk_input
                0x00000d8c       0x2c .\CortexM3\ARM_GCC_541\Debug\tsk_input.o
                0x00000d8c                Functsk_input
 .text.Functsk_system
                0x00000db8       0x10 .\CortexM3\ARM_GCC_541\Debug\tsk_system.o
                0x00000db8                Functsk_system
 .text.CLOCK__setDisplayFonts
                0x00000dc8       0x8c .\CortexM3\ARM_GCC_541\Debug\clock.o
 .text.CLOCK__setEditFonts
                0x00000e54       0xb4 .\CortexM3\ARM_GCC_541\Debug\clock.o
 .text.CLOCK__updateDisplay
                0x00000f08       0x6c .\CortexM3\ARM_GCC_541\Debug\clock.o
 .text.CLOCK__updateTime
                0x00000f74       0xc4 .\CortexM3\ARM_GCC_541\Debug\clock.o
 .text.CLOCK__increment1Minute
                0x00001038        0x8 .\CortexM3\ARM_GCC_541\Debug\clock.o
 .text.CLOCK__incrementHourandDisplay
                0x00001040       0x9c .\CortexM3\ARM_GCC_541\Debug\clock.o
 .text.CLOCK__incrementMinuteandDisplay
                0x000010dc       0xa0 .\CortexM3\ARM_GCC_541\Debug\clock.o
 .text.CLOCK__incrementWidget
                0x0000117c       0x2c .\CortexM3\ARM_GCC_541\Debug\clock.o
 .text.CLOCK__dispatch_Wrapper
                0x000011a8      0x16c .\CortexM3\ARM_GCC_541\Debug\clock.o
 .text.CLOCK__dispatch_KL_Hours
                0x00001314       0x70 .\CortexM3\ARM_GCC_541\Debug\clock.o
 .text.CLOCK__dispatch_250MS_Hours
                0x00001384        0xc .\CortexM3\ARM_GCC_541\Debug\clock.o
 .text.CLOCK__dispatch_KRLP_Hours
                0x00001390       0x70 .\CortexM3\ARM_GCC_541\Debug\clock.o
 .text.CLOCK__dispatch_KR_Hours
                0x00001400        0xc .\CortexM3\ARM_GCC_541\Debug\clock.o
 .text.CLOCK__dispatch_KL_HoursMin
                0x0000140c       0x80 .\CortexM3\ARM_GCC_541\Debug\clock.o
 .text.CLOCK__dispatch_250MS_Min
                0x0000148c        0xc .\CortexM3\ARM_GCC_541\Debug\clock.o
 .text.CLOCK__dispatch_KRLP_Min
                0x00001498       0x70 .\CortexM3\ARM_GCC_541\Debug\clock.o
 .text.CLOCK__dispatch_KR_Min
                0x00001508        0xc .\CortexM3\ARM_GCC_541\Debug\clock.o
 .text.CLOCK__dispatch_KL_Min
                0x00001514        0xc .\CortexM3\ARM_GCC_541\Debug\clock.o
 .text.ProcessEvent
                0x00001520       0x10 .\CortexM3\ARM_GCC_541\Debug\clock.o
                0x00001520                ProcessEvent
 .text.STATE__getIndexCurrentState
                0x00001530       0x2c .\CortexM3\ARM_GCC_541\Debug\statemachine.o
                0x00001530                STATE__getIndexCurrentState
 .text.STATE_processEvent
                0x0000155c      0x110 .\CortexM3\ARM_GCC_541\Debug\statemachine.o
                0x0000155c                STATE_processEvent
 .text.RTE_ProcessCyclicTable
                0x0000166c       0x30 .\CortexM3\ARM_GCC_541\Debug\rte.o
                0x0000166c                RTE_ProcessCyclicTable
 .text.RTE_ProcessEventTable
                0x0000169c       0x28 .\CortexM3\ARM_GCC_541\Debug\rte.o
                0x0000169c                RTE_ProcessEventTable
 .text.SC_DISPLAY_driverOut
                0x000016c4       0xf4 .\CortexM3\ARM_GCC_541\Debug\sc_display_type.o
                0x000016c4                SC_DISPLAY_driverOut
 .text.SC_INPUT_driverIn
                0x000017b8       0x18 .\CortexM3\ARM_GCC_541\Debug\sc_input_type.o
                0x000017b8                SC_INPUT_driverIn
 .text.RTE_timertick_sp_common_tick
                0x000017d0       0x3c .\CortexM3\ARM_GCC_541\Debug\sp_common.o
                0x000017d0                RTE_timertick_sp_common_tick
 .text.CyClockStartupError
                0x0000180c        0x4 .\CortexM3\ARM_GCC_541\Debug\cyfitter_cfg.o
 .text.cfg_write_bytes32
                0x00001810       0x34 .\CortexM3\ARM_GCC_541\Debug\cyfitter_cfg.o
 .text.AnalogSetDefault
                0x00001844       0x28 .\CortexM3\ARM_GCC_541\Debug\cyfitter_cfg.o
 .text.CYMEMZERO
                0x0000186c        0xc .\CortexM3\ARM_GCC_541\Debug\cyfitter_cfg.o
 .text.ClockSetup
                0x00001878       0xd0 .\CortexM3\ARM_GCC_541\Debug\cyfitter_cfg.o
 .text.CYCONFIGCPY
                0x00001948        0x8 .\CortexM3\ARM_GCC_541\Debug\cyfitter_cfg.o
 .text.cyfitter_cfg
                0x00001950      0x124 .\CortexM3\ARM_GCC_541\Debug\cyfitter_cfg.o
                0x00001950                cyfitter_cfg
 .text.IntDefaultHandler
                0x00001a74       0x10 .\CortexM3\ARM_GCC_541\Debug\Cm3Start.o
                0x00001a74                IntDefaultHandler
 .text._sbrk    0x00001a84       0x30 .\CortexM3\ARM_GCC_541\Debug\Cm3Start.o
                0x00001a84                _sbrk
 .text.Start_c  0x00001ab4       0x4c .\CortexM3\ARM_GCC_541\Debug\Cm3Start.o
                0x00001ab4                Start_c
 .text.initialize_psoc
                0x00001b00       0x68 .\CortexM3\ARM_GCC_541\Debug\Cm3Start.o
                0x00001b00                initialize_psoc
 .text.EE_oo_ActivateTask
                0x00001b68       0xe8 .\CortexM3\ARM_GCC_541\Debug\EClock.a(ErikaOS_ee_activate.o)
                0x00001b68                EE_oo_ActivateTask
 .text.EE_oo_SetRelAlarm
                0x00001c50       0x80 .\CortexM3\ARM_GCC_541\Debug\EClock.a(ErikaOS_ee_alsetrel.o)
                0x00001c50                EE_oo_SetRelAlarm
 .text.EE_oo_handle_action_callback
                0x00001cd0        0xc .\CortexM3\ARM_GCC_541\Debug\EClock.a(ErikaOS_ee_altick.o)
 .text.EE_oo_handle_action_task
                0x00001cdc       0x4c .\CortexM3\ARM_GCC_541\Debug\EClock.a(ErikaOS_ee_altick.o)
 .text.EE_oo_handle_action_event
                0x00001d28       0x60 .\CortexM3\ARM_GCC_541\Debug\EClock.a(ErikaOS_ee_altick.o)
 .text.EE_oo_handle_action
                0x00001d88       0x28 .\CortexM3\ARM_GCC_541\Debug\EClock.a(ErikaOS_ee_altick.o)
 .text.EE_oo_counter_object_insert
                0x00001db0       0x9c .\CortexM3\ARM_GCC_541\Debug\EClock.a(ErikaOS_ee_altick.o)
                0x00001db0                EE_oo_counter_object_insert
 .text.EE_oo_IncrementCounterImplementation
                0x00001e4c      0x100 .\CortexM3\ARM_GCC_541\Debug\EClock.a(ErikaOS_ee_altick.o)
                0x00001e4c                EE_oo_IncrementCounterImplementation
 .text.EE_oo_IncrementCounter
                0x00001f4c       0xb0 .\CortexM3\ARM_GCC_541\Debug\EClock.a(ErikaOS_ee_altick.o)
                0x00001f4c                EE_oo_IncrementCounter
 .text.EE_oo_ClearEvent
                0x00001ffc       0x5c .\CortexM3\ARM_GCC_541\Debug\EClock.a(ErikaOS_ee_evclear.o)
                0x00001ffc                EE_oo_ClearEvent
 .text.EE_oo_GetEvent
                0x00002058       0x40 .\CortexM3\ARM_GCC_541\Debug\EClock.a(ErikaOS_ee_evget.o)
                0x00002058                EE_oo_GetEvent
 .text.EE_oo_SetEvent
                0x00002098      0x100 .\CortexM3\ARM_GCC_541\Debug\EClock.a(ErikaOS_ee_evset.o)
                0x00002098                EE_oo_SetEvent
 .text.EE_oo_WaitEvent
                0x00002198      0x110 .\CortexM3\ARM_GCC_541\Debug\EClock.a(ErikaOS_ee_evwait.o)
                0x00002198                EE_oo_WaitEvent
 .text.EE_IRQ_run_next_task
                0x000022a8       0x30 .\CortexM3\ARM_GCC_541\Debug\EClock.a(ErikaOS_ee_irqendin.o)
 .text.EE_IRQ_end_instance
                0x000022d8       0x68 .\CortexM3\ARM_GCC_541\Debug\EClock.a(ErikaOS_ee_irqendin.o)
                0x000022d8                EE_IRQ_end_instance
 .text.EE_IRQ_end_post_stub
                0x00002340       0x14 .\CortexM3\ARM_GCC_541\Debug\EClock.a(ErikaOS_ee_irqendin.o)
                0x00002340                EE_IRQ_end_post_stub
 .text.EE_rq2stk_exchange
                0x00002354       0x88 .\CortexM3\ARM_GCC_541\Debug\EClock.a(ErikaOS_ee_rq_exchg.o)
                0x00002354                EE_rq2stk_exchange
 .text.EE_rq_queryfirst
                0x000023dc       0x44 .\CortexM3\ARM_GCC_541\Debug\EClock.a(ErikaOS_ee_rq_first.o)
                0x000023dc                EE_rq_queryfirst
 .text.EE_rq_insert
                0x00002420       0x74 .\CortexM3\ARM_GCC_541\Debug\EClock.a(ErikaOS_ee_rq_inser.o)
                0x00002420                EE_rq_insert
 .text.compute_task_tid
                0x00002494       0x10 .\CortexM3\ARM_GCC_541\Debug\EClock.a(ErikaOS_ee_startos.o)
 .text.EE_oo_start_os
                0x000024a4        0xc .\CortexM3\ARM_GCC_541\Debug\EClock.a(ErikaOS_ee_startos.o)
 .text.EE_oo_autostart_tasks
                0x000024b0       0x60 .\CortexM3\ARM_GCC_541\Debug\EClock.a(ErikaOS_ee_startos.o)
 .text.EE_oo_autostart_os
                0x00002510        0xc .\CortexM3\ARM_GCC_541\Debug\EClock.a(ErikaOS_ee_startos.o)
 .text.EE_oo_StartOS
                0x0000251c       0x8c .\CortexM3\ARM_GCC_541\Debug\EClock.a(ErikaOS_ee_startos.o)
                0x0000251c                EE_oo_StartOS
 .text.EE_oo_TerminateTask
                0x000025a8       0x3c .\CortexM3\ARM_GCC_541\Debug\EClock.a(ErikaOS_ee_terminat.o)
                0x000025a8                EE_oo_TerminateTask
 .text.EE_system_init
                0x000025e4       0x48 .\CortexM3\ARM_GCC_541\Debug\EClock.a(ErikaOS_cortex_mx_ee_utils.o)
                0x000025e4                EE_system_init
 .text.TFT_SPI_Enable
                0x0000262c       0x34 .\CortexM3\ARM_GCC_541\Debug\EClock.a(TFT_SPI.o)
                0x0000262c                TFT_SPI_Enable
 .text.TFT_SPI_ReadTxStatus
                0x00002660        0xc .\CortexM3\ARM_GCC_541\Debug\EClock.a(TFT_SPI.o)
                0x00002660                TFT_SPI_ReadTxStatus
 .text.TFT_SPI_ReadRxStatus
                0x0000266c        0xc .\CortexM3\ARM_GCC_541\Debug\EClock.a(TFT_SPI.o)
                0x0000266c                TFT_SPI_ReadRxStatus
 .text.TFT_SPI_WriteTxData
                0x00002678       0x18 .\CortexM3\ARM_GCC_541\Debug\EClock.a(TFT_SPI.o)
                0x00002678                TFT_SPI_WriteTxData
 .text.TFT_SPI_ClearFIFO
                0x00002690       0x3c .\CortexM3\ARM_GCC_541\Debug\EClock.a(TFT_SPI.o)
                0x00002690                TFT_SPI_ClearFIFO
 .text.TFT_SPI_Init
                0x000026cc       0x28 .\CortexM3\ARM_GCC_541\Debug\EClock.a(TFT_SPI.o)
                0x000026cc                TFT_SPI_Init
 .text.TFT_SPI_Start
                0x000026f4       0x1c .\CortexM3\ARM_GCC_541\Debug\EClock.a(TFT_SPI.o)
                0x000026f4                TFT_SPI_Start
 .text.TFT_DC_Write
                0x00002710       0x18 .\CortexM3\ARM_GCC_541\Debug\EClock.a(TFT_DC.o)
                0x00002710                TFT_DC_Write
 .text.TFT_RES_Write
                0x00002728       0x18 .\CortexM3\ARM_GCC_541\Debug\EClock.a(TFT_RES.o)
                0x00002728                TFT_RES_Write
 .text.TFT_BackLight_Enable
                0x00002740       0x28 .\CortexM3\ARM_GCC_541\Debug\EClock.a(TFT_BackLight.o)
                0x00002740                TFT_BackLight_Enable
 .text.TFT_BackLight_WritePeriod
                0x00002768        0xc .\CortexM3\ARM_GCC_541\Debug\EClock.a(TFT_BackLight.o)
                0x00002768                TFT_BackLight_WritePeriod
 .text.TFT_BackLight_WriteCompare
                0x00002774        0xc .\CortexM3\ARM_GCC_541\Debug\EClock.a(TFT_BackLight.o)
                0x00002774                TFT_BackLight_WriteCompare
 .text.TFT_BackLight_SetInterruptMode
                0x00002780        0xc .\CortexM3\ARM_GCC_541\Debug\EClock.a(TFT_BackLight.o)
                0x00002780                TFT_BackLight_SetInterruptMode
 .text.TFT_BackLight_Init
                0x0000278c       0x74 .\CortexM3\ARM_GCC_541\Debug\EClock.a(TFT_BackLight.o)
                0x0000278c                TFT_BackLight_Init
 .text.TFT_BackLight_Start
                0x00002800       0x1c .\CortexM3\ARM_GCC_541\Debug\EClock.a(TFT_BackLight.o)
                0x00002800                TFT_BackLight_Start
 .text.TFT_SPI_IntClock_Start
                0x0000281c       0x1c .\CortexM3\ARM_GCC_541\Debug\EClock.a(TFT_SPI_IntClock.o)
                0x0000281c                TFT_SPI_IntClock_Start
 .text.CyHalt   0x00002838        0x4 .\CortexM3\ARM_GCC_541\Debug\EClock.a(CyLib.o)
                0x00002838                CyHalt
 .text.CyDelay  0x0000283c       0x2c .\CortexM3\ARM_GCC_541\Debug\EClock.a(CyLib.o)
                0x0000283c                CyDelay
 .text.CyIntSetPriority
                0x00002868       0x30 .\CortexM3\ARM_GCC_541\Debug\EClock.a(CyLib.o)
                0x00002868                CyIntSetPriority
 .text.UART_LOG_Init
                0x00002898       0x28 .\CortexM3\ARM_GCC_541\Debug\EClock.a(UART_LOG.o)
                0x00002898                UART_LOG_Init
 .text.UART_LOG_Enable
                0x000028c0       0x38 .\CortexM3\ARM_GCC_541\Debug\EClock.a(UART_LOG.o)
                0x000028c0                UART_LOG_Enable
 .text.UART_LOG_Start
                0x000028f8       0x1c .\CortexM3\ARM_GCC_541\Debug\EClock.a(UART_LOG.o)
                0x000028f8                UART_LOG_Start
 .text.UART_LOG_PutChar
                0x00002914       0x18 .\CortexM3\ARM_GCC_541\Debug\EClock.a(UART_LOG.o)
                0x00002914                UART_LOG_PutChar
 .text.UART_LOG_PutString
                0x0000292c       0x24 .\CortexM3\ARM_GCC_541\Debug\EClock.a(UART_LOG.o)
                0x0000292c                UART_LOG_PutString
 .text.UART_LOG_IntClock_Start
                0x00002950       0x1c .\CortexM3\ARM_GCC_541\Debug\EClock.a(UART_LOG_IntClock.o)
                0x00002950                UART_LOG_IntClock_Start
 .text.Button_1_Read
                0x0000296c       0x10 .\CortexM3\ARM_GCC_541\Debug\EClock.a(Button_1.o)
                0x0000296c                Button_1_Read
 .text.Button_2_Read
                0x0000297c       0x10 .\CortexM3\ARM_GCC_541\Debug\EClock.a(Button_2.o)
                0x0000297c                Button_2_Read
 .text          0x0000298c       0x7c .\CortexM3\ARM_GCC_541\Debug\EClock.a(ErikaOS_ee_gnu_change_context_isr.o)
                0x0000298c                EE_set_switch_context_pri
                0x000029a6                EE_switch_context
                0x000029b0                EE_cortex_mx_pendsv_ISR
                0x000029ec                EE_cortex_mx_svc_ISR
 .text          0x00002a08       0x24 .\CortexM3\ARM_GCC_541\Debug\EClock.a(ErikaOS_ee_gnu_irq_stack.o)
                0x00002a08                EE_cortex_mx_change_IRQ_stack
                0x00002a1a                EE_cortex_mx_change_IRQ_stack_back
 .text          0x00002a2c       0x68 .\CortexM3\ARM_GCC_541\Debug\EClock.a(ErikaOS_ee_gnu_multi_context.o)
                0x00002a2c                EE_cortex_mx_change_context
 .text          0x00002a94       0x80 .\CortexM3\ARM_GCC_541\Debug\EClock.a(ErikaOS_ee_gnu_oo.o)
                0x00002a94                EE_hal_terminate_savestk
                0x00002ade                EE_hal_terminate_task
 *fill*         0x00002b14        0x4 
 .text          0x00002b18       0x20 .\CortexM3\ARM_GCC_541\Debug\EClock.a(CyBootAsmGnu.o)
                0x00002b18                CyDelayCycles
                0x00002b28                CyEnterCriticalSection
                0x00002b30                CyExitCriticalSection
 .text.EE_thread_not_terminated
                0x00002b38       0x10 .\CortexM3\ARM_GCC_541\Debug\EClock.a(ErikaOS_ee_tnterm.o)
                0x00002b38                EE_thread_not_terminated
 .text.EE_oo_thread_stub
                0x00002b48       0x10 .\CortexM3\ARM_GCC_541\Debug\EClock.a(ErikaOS_ee_tstub.o)
                0x00002b48                EE_oo_thread_stub
 .text.EE_std_run_task_code
                0x00002b58       0x18 .\CortexM3\ARM_GCC_541\Debug\EClock.a(ErikaOS_cortex_mx_ee_context.o)
                0x00002b58                EE_std_run_task_code
 .text.EE_std_need_context_change
                0x00002b70       0x28 .\CortexM3\ARM_GCC_541\Debug\EClock.a(ErikaOS_cortex_mx_ee_context.o)
                0x00002b70                EE_std_need_context_change
 .text.EE_thread_rnact_max
                0x00002b98       0x20 .\CortexM3\ARM_GCC_541\Debug\EClock.a(ErikaOS_ee_thendin.o)
 .text.EE_thread_endcycle_next
                0x00002bb8       0x30 .\CortexM3\ARM_GCC_541\Debug\EClock.a(ErikaOS_ee_thendin.o)
 .text.EE_thread_end_instance
                0x00002be8      0x108 .\CortexM3\ARM_GCC_541\Debug\EClock.a(ErikaOS_ee_thendin.o)
                0x00002be8                EE_thread_end_instance
 .text          0x00002cf0      0x370 c:/program files (x86)/cypress/psoc creator/4.4/psoc creator/import/gnu/arm/5.4.1/bin/../lib/gcc/arm-none-eabi/5.4.1/armv7-m\libgcc.a(_arm_addsubdf3.o)
                0x00002cf0                __aeabi_drsub
                0x00002cf8                __aeabi_dsub
                0x00002cf8                __subdf3
                0x00002cfc                __aeabi_dadd
                0x00002cfc                __adddf3
                0x00002f74                __floatunsidf
                0x00002f74                __aeabi_ui2d
                0x00002f94                __floatsidf
                0x00002f94                __aeabi_i2d
                0x00002fb8                __aeabi_f2d
                0x00002fb8                __extendsfdf2
                0x00002ff4                __floatundidf
                0x00002ff4                __aeabi_ul2d
                0x00003004                __floatdidf
                0x00003004                __aeabi_l2d
 .text          0x00003060      0x424 c:/program files (x86)/cypress/psoc creator/4.4/psoc creator/import/gnu/arm/5.4.1/bin/../lib/gcc/arm-none-eabi/5.4.1/armv7-m\libgcc.a(_arm_muldivdf3.o)
                0x00003060                __aeabi_dmul
                0x00003060                __muldf3
                0x000032b4                __divdf3
                0x000032b4                __aeabi_ddiv
 .text          0x00003484       0x40 c:/program files (x86)/cypress/psoc creator/4.4/psoc creator/import/gnu/arm/5.4.1/bin/../lib/gcc/arm-none-eabi/5.4.1/armv7-m\libgcc.a(_arm_fixunsdfsi.o)
                0x00003484                __aeabi_d2uiz
                0x00003484                __fixunsdfsi
 .text.__errno  0x000034c4        0xc c:/program files (x86)/cypress/psoc creator/4.4/psoc creator/import/gnu/arm/5.4.1/bin/../lib/gcc/arm-none-eabi/5.4.1/../../../../arm-none-eabi/lib/armv7-m\libg_nano.a(lib_a-errno.o)
                0x000034c4                __errno
 .text.__libc_init_array
                0x000034d0       0x4c c:/program files (x86)/cypress/psoc creator/4.4/psoc creator/import/gnu/arm/5.4.1/bin/../lib/gcc/arm-none-eabi/5.4.1/../../../../arm-none-eabi/lib/armv7-m\libg_nano.a(lib_a-init.o)
                0x000034d0                __libc_init_array
 .text.memcpy   0x0000351c       0x16 c:/program files (x86)/cypress/psoc creator/4.4/psoc creator/import/gnu/arm/5.4.1/bin/../lib/gcc/arm-none-eabi/5.4.1/../../../../arm-none-eabi/lib/armv7-m\libg_nano.a(lib_a-memcpy-stub.o)
                0x0000351c                memcpy
 .text.memset   0x00003532       0x10 c:/program files (x86)/cypress/psoc creator/4.4/psoc creator/import/gnu/arm/5.4.1/bin/../lib/gcc/arm-none-eabi/5.4.1/../../../../arm-none-eabi/lib/armv7-m\libg_nano.a(lib_a-memset.o)
                0x00003532                memset
 *fill*         0x00003542        0x2 
 .text.sprintf  0x00003544       0x48 c:/program files (x86)/cypress/psoc creator/4.4/psoc creator/import/gnu/arm/5.4.1/bin/../lib/gcc/arm-none-eabi/5.4.1/../../../../arm-none-eabi/lib/armv7-m\libg_nano.a(lib_a-sprintf.o)
                0x00003544                siprintf
                0x00003544                sprintf
 .text.__ssputs_r
                0x0000358c       0xb2 c:/program files (x86)/cypress/psoc creator/4.4/psoc creator/import/gnu/arm/5.4.1/bin/../lib/gcc/arm-none-eabi/5.4.1/../../../../arm-none-eabi/lib/armv7-m\libg_nano.a(lib_a-nano-svfprintf.o)
                0x0000358c                __ssputs_r
 *fill*         0x0000363e        0x2 
 .text._svfprintf_r
                0x00003640      0x1e8 c:/program files (x86)/cypress/psoc creator/4.4/psoc creator/import/gnu/arm/5.4.1/bin/../lib/gcc/arm-none-eabi/5.4.1/../../../../arm-none-eabi/lib/armv7-m\libg_nano.a(lib_a-nano-svfprintf.o)
                0x00003640                _svfiprintf_r
                0x00003640                _svfprintf_r
 .text._printf_common
                0x00003828       0xec c:/program files (x86)/cypress/psoc creator/4.4/psoc creator/import/gnu/arm/5.4.1/bin/../lib/gcc/arm-none-eabi/5.4.1/../../../../arm-none-eabi/lib/armv7-m\libg_nano.a(lib_a-nano-vfprintf_i.o)
                0x00003828                _printf_common
 .text._printf_i
                0x00003914      0x24c c:/program files (x86)/cypress/psoc creator/4.4/psoc creator/import/gnu/arm/5.4.1/bin/../lib/gcc/arm-none-eabi/5.4.1/../../../../arm-none-eabi/lib/armv7-m\libg_nano.a(lib_a-nano-vfprintf_i.o)
                0x00003914                _printf_i
 .text.memchr   0x00003b60       0x1c c:/program files (x86)/cypress/psoc creator/4.4/psoc creator/import/gnu/arm/5.4.1/bin/../lib/gcc/arm-none-eabi/5.4.1/../../../../arm-none-eabi/lib/armv7-m\libg_nano.a(lib_a-memchr-stub.o)
                0x00003b60                memchr
 .text.memmove  0x00003b7c       0x36 c:/program files (x86)/cypress/psoc creator/4.4/psoc creator/import/gnu/arm/5.4.1/bin/../lib/gcc/arm-none-eabi/5.4.1/../../../../arm-none-eabi/lib/armv7-m\libg_nano.a(lib_a-memmove.o)
                0x00003b7c                memmove
 *fill*         0x00003bb2        0x2 
 .text._free_r  0x00003bb4       0x98 c:/program files (x86)/cypress/psoc creator/4.4/psoc creator/import/gnu/arm/5.4.1/bin/../lib/gcc/arm-none-eabi/5.4.1/../../../../arm-none-eabi/lib/armv7-m\libg_nano.a(lib_a-nano-freer.o)
                0x00003bb4                _free_r
 .text._malloc_r
                0x00003c4c       0xbc c:/program files (x86)/cypress/psoc creator/4.4/psoc creator/import/gnu/arm/5.4.1/bin/../lib/gcc/arm-none-eabi/5.4.1/../../../../arm-none-eabi/lib/armv7-m\libg_nano.a(lib_a-nano-mallocr.o)
                0x00003c4c                _malloc_r
 .text._realloc_r
                0x00003d08       0x4c c:/program files (x86)/cypress/psoc creator/4.4/psoc creator/import/gnu/arm/5.4.1/bin/../lib/gcc/arm-none-eabi/5.4.1/../../../../arm-none-eabi/lib/armv7-m\libg_nano.a(lib_a-nano-reallocr.o)
                0x00003d08                _realloc_r
 .text._sbrk_r  0x00003d54       0x20 c:/program files (x86)/cypress/psoc creator/4.4/psoc creator/import/gnu/arm/5.4.1/bin/../lib/gcc/arm-none-eabi/5.4.1/../../../../arm-none-eabi/lib/armv7-m\libg_nano.a(lib_a-sbrkr.o)
                0x00003d54                _sbrk_r
 .text.__malloc_lock
                0x00003d74        0x2 c:/program files (x86)/cypress/psoc creator/4.4/psoc creator/import/gnu/arm/5.4.1/bin/../lib/gcc/arm-none-eabi/5.4.1/../../../../arm-none-eabi/lib/armv7-m\libg_nano.a(lib_a-mlock.o)
                0x00003d74                __malloc_lock
 .text.__malloc_unlock
                0x00003d76        0x2 c:/program files (x86)/cypress/psoc creator/4.4/psoc creator/import/gnu/arm/5.4.1/bin/../lib/gcc/arm-none-eabi/5.4.1/../../../../arm-none-eabi/lib/armv7-m\libg_nano.a(lib_a-mlock.o)
                0x00003d76                __malloc_unlock
 .text._malloc_usable_size_r
                0x00003d78       0x14 c:/program files (x86)/cypress/psoc creator/4.4/psoc creator/import/gnu/arm/5.4.1/bin/../lib/gcc/arm-none-eabi/5.4.1/../../../../arm-none-eabi/lib/armv7-m\libg_nano.a(lib_a-nano-msizer.o)
                0x00003d78                _malloc_usable_size_r
 *(.plt)
 *(.gnu.warning)
 *(.glue_7t)
 .glue_7t       0x00003d8c        0x0 linker stubs
 *(.glue_7)
 .glue_7        0x00003d8c        0x0 linker stubs
 *(.vfp11_veneer)
 .vfp11_veneer  0x00003d8c        0x0 linker stubs
 *(.bootloader)
 *(.ARM.extab* .gnu.linkonce.armextab.*)
 *(.gcc_except_table)

.v4_bx          0x00003d8c        0x0
 .v4_bx         0x00003d8c        0x0 linker stubs

.iplt           0x00003d8c        0x0
 .iplt          0x00003d8c        0x0 c:/program files (x86)/cypress/psoc creator/4.4/psoc creator/import/gnu/arm/5.4.1/bin/../lib/gcc/arm-none-eabi/5.4.1/armv7-m/crtbegin.o

.eh_frame_hdr
 *(.eh_frame_hdr)

.eh_frame       0x00003d8c        0x4
 *(.eh_frame)
 .eh_frame      0x00003d8c        0x0 c:/program files (x86)/cypress/psoc creator/4.4/psoc creator/import/gnu/arm/5.4.1/bin/../lib/gcc/arm-none-eabi/5.4.1/armv7-m/crtbegin.o
 .eh_frame      0x00003d8c        0x4 c:/program files (x86)/cypress/psoc creator/4.4/psoc creator/import/gnu/arm/5.4.1/bin/../lib/gcc/arm-none-eabi/5.4.1/armv7-m/crtend.o
                [!provide]                PROVIDE (__exidx_start, .)

.ARM.exidx
 *(.ARM.exidx* .gnu.linkonce.armexidx.*)
                0x00003d90                __exidx_end = .

.rodata         0x00003d90      0xad0
 *(.rodata .rodata.* .gnu.linkonce.r.*)
 .rodata        0x00003d90      0x558 .\CortexM3\ARM_GCC_541\Debug\tft.o
 .rodata.str1.4
                0x000042e8       0x14 .\CortexM3\ARM_GCC_541\Debug\tft.o
 .rodata.str1.4
                0x000042fc       0x18 .\CortexM3\ARM_GCC_541\Debug\logging.o
 .rodata.str1.4
                0x00004314       0x2e .\CortexM3\ARM_GCC_541\Debug\main.o
 *fill*         0x00004342        0x2 
 .rodata        0x00004344       0x12 .\CortexM3\ARM_GCC_541\Debug\tsk_control.o
                0x00004344                RTE_eventActivationTable_tsk_control
                0x00004354                RTE_eventActivation_tsk_control_size
 *fill*         0x00004356        0x2 
 .rodata        0x00004358       0x12 .\CortexM3\ARM_GCC_541\Debug\tsk_input.o
                0x00004358                RTE_cyclicActivationTable_tsk_input
                0x00004368                RTE_cyclicActivation_tsk_input_size
 *fill*         0x0000436a        0x2 
 .rodata        0x0000436c      0x144 .\CortexM3\ARM_GCC_541\Debug\clock.o
                0x000043b4                STATE_CLOCK_W_ISAUTOINCREMENT_Transitions
                0x000043d8                STATE_CLOCK_W_ISEDITING_Transitions
                0x000043fc                STATE_CLOCK_W_ISDISPLAYING_Transitions
                0x00004438                STATE_CLOCK_C_ISEDITINGMINUTES_Transitions
                0x00004468                STATE_CLOCK_C_ISEDITINGHOURS_Transitions
                0x00004498                STATE_CLOCK_C_ISDISPLAYING_Transitions
 .rodata.str1.4
                0x000044b0        0xb .\CortexM3\ARM_GCC_541\Debug\sc_display_type.o
 *fill*         0x000044bb        0x1 
 .rodata        0x000044bc       0x94 .\CortexM3\ARM_GCC_541\Debug\sp_common.o
                0x0000454c                so_input_updTasks
 .rodata        0x00004550       0x62 .\CortexM3\ARM_GCC_541\Debug\cyfitter_cfg.o
 *fill*         0x000045b2        0x2 
 .rodata        0x000045b4      0x100 .\CortexM3\ARM_GCC_541\Debug\EClock.a(ErikaOS_ee_lookup.o)
                0x000045b4                EE_rq_lookup
 .rodata        0x000046b4       0xd8 .\CortexM3\ARM_GCC_541\Debug\EClock.a(ErikaOS_eecfg.o)
                0x000046b4                EE_oo_autostart_task_data
                0x000046c0                EE_oo_action_ROM
                0x000046d4                EE_oo_counter_object_ROM
                0x000046e0                EE_ALARM_ID
                0x000046e4                EE_alarm_ROM
                0x000046e8                EE_counter_ROM
                0x000046f4                EE_th_is_extended
                0x00004708                EE_th_rnact_max
                0x0000471c                EE_th_dispatch_prio
                0x00004730                EE_EVENT_ID
                0x00004738                EE_th_ready_prio
                0x0000474c                EE_terminate_real_th_body
                0x00004760                EE_hal_thread_body
                0x00004774                EE_std_thread_tos
 .rodata.str1.4
                0x0000478c       0x64 .\CortexM3\ARM_GCC_541\Debug\EClock.a(ErikaOS_eecfg.o)
                                 0x63 (size before relaxing)
 .rodata.str1.1
                0x000047f0        0x2 c:/program files (x86)/cypress/psoc creator/4.4/psoc creator/import/gnu/arm/5.4.1/bin/../lib/gcc/arm-none-eabi/5.4.1/../../../../arm-none-eabi/lib/armv7-m\libg_nano.a(lib_a-impure.o)
 .rodata.str1.1
                0x000047f2       0x11 c:/program files (x86)/cypress/psoc creator/4.4/psoc creator/import/gnu/arm/5.4.1/bin/../lib/gcc/arm-none-eabi/5.4.1/../../../../arm-none-eabi/lib/armv7-m\libg_nano.a(lib_a-nano-svfprintf.o)
 .rodata.str1.1
                0x00004803       0x22 c:/program files (x86)/cypress/psoc creator/4.4/psoc creator/import/gnu/arm/5.4.1/bin/../lib/gcc/arm-none-eabi/5.4.1/../../../../arm-none-eabi/lib/armv7-m\libg_nano.a(lib_a-nano-vfprintf_i.o)
                0x00004828                . = ALIGN (0x4)
 *fill*         0x00004825        0x3 
 *(.init)
 .init          0x00004828        0x4 c:/program files (x86)/cypress/psoc creator/4.4/psoc creator/import/gnu/arm/5.4.1/bin/../lib/gcc/arm-none-eabi/5.4.1/armv7-m/crti.o
                0x00004828                _init
 .init          0x0000482c        0x8 c:/program files (x86)/cypress/psoc creator/4.4/psoc creator/import/gnu/arm/5.4.1/bin/../lib/gcc/arm-none-eabi/5.4.1/armv7-m/crtn.o
                0x00004834                . = ALIGN (0x4)
                0x00004834                __preinit_array_start = .
 *(.preinit_array)
                0x00004834                __preinit_array_end = .
                0x00004834                . = ALIGN (0x4)
                0x00004834                __init_array_start = .
 *(SORT(.init_array.*))
 *(.init_array)
 .init_array    0x00004834        0x4 c:/program files (x86)/cypress/psoc creator/4.4/psoc creator/import/gnu/arm/5.4.1/bin/../lib/gcc/arm-none-eabi/5.4.1/armv7-m/crtbegin.o
 .init_array    0x00004838        0x4 .\CortexM3\ARM_GCC_541\Debug\Cm3Start.o
                0x0000483c                __init_array_end = .
                0x0000483c                . = ALIGN (0x4)
 *(.fini)
 .fini          0x0000483c        0x4 c:/program files (x86)/cypress/psoc creator/4.4/psoc creator/import/gnu/arm/5.4.1/bin/../lib/gcc/arm-none-eabi/5.4.1/armv7-m/crti.o
                0x0000483c                _fini
 .fini          0x00004840        0x8 c:/program files (x86)/cypress/psoc creator/4.4/psoc creator/import/gnu/arm/5.4.1/bin/../lib/gcc/arm-none-eabi/5.4.1/armv7-m/crtn.o
                0x00004848                . = ALIGN (0x4)
                0x00004848                __fini_array_start = .
 *(.fini_array)
 .fini_array    0x00004848        0x4 c:/program files (x86)/cypress/psoc creator/4.4/psoc creator/import/gnu/arm/5.4.1/bin/../lib/gcc/arm-none-eabi/5.4.1/armv7-m/crtbegin.o
 *(SORT(.fini_array.*))
                0x0000484c                __fini_array_end = .
                0x0000484c                . = ALIGN (0x4)
 *crtbegin.o(.ctors)
 *(EXCLUDE_FILE(*crtend.o) .ctors)
 *(SORT(.ctors.*))
 *crtend.o(.ctors)
                0x0000484c                . = ALIGN (0x4)
 *crtbegin.o(.dtors)
 *(EXCLUDE_FILE(*crtend.o) .dtors)
 *(SORT(.dtors.*))
 *crtend.o(.dtors)
                0x0000484c                . = ALIGN (0x4)
                0x0000484c                __cy_regions = .
                0x0000484c        0x4 LONG 0x4860 __cy_region_init_ram
                0x00004850        0x4 LONG 0x1fff80c8 __cy_region_start_data
                0x00004854        0x4 LONG 0x268 __cy_region_init_size_ram
                0x00004858        0x4 LONG 0x23c0 __cy_region_zero_size_ram
                0x0000485c                __cy_regions_end = .
                0x00004860                . = ALIGN (0x8)
 *fill*         0x0000485c        0x4 
                0x00004860                _etext = .

.cy_checksum_exclude
                0x00004860        0x0
 *(.cy_checksum_exclude)

.ramvectors     0x1fff8000       0xc0
                0x1fff8000                __cy_region_start_ram = .
 *(.ramvectors)
 .ramvectors    0x1fff8000       0xc0 .\CortexM3\ARM_GCC_541\Debug\Cm3Start.o
                0x1fff8000                CyRamVectors

.noinit         0x1fff80c0        0x1
 *(.noinit)
 .noinit        0x1fff80c0        0x1 .\CortexM3\ARM_GCC_541\Debug\EClock.a(CyLib.o)
                0x1fff80c0                CyResetStatus

.data           0x1fff80c8      0x268 load address 0x00004860
                0x1fff80c8                __cy_region_start_data = .
 *(.jcr)
 .jcr           0x1fff80c8        0x0 c:/program files (x86)/cypress/psoc creator/4.4/psoc creator/import/gnu/arm/5.4.1/bin/../lib/gcc/arm-none-eabi/5.4.1/armv7-m/crtbegin.o
 .jcr           0x1fff80c8        0x4 c:/program files (x86)/cypress/psoc creator/4.4/psoc creator/import/gnu/arm/5.4.1/bin/../lib/gcc/arm-none-eabi/5.4.1/armv7-m/crtend.o
 *(.got.plt)
 *(.got)
 *(.shdata)
 *(.data .data.* .gnu.linkonce.d.*)
 .data          0x1fff80cc       0x20 .\CortexM3\ARM_GCC_541\Debug\clock.o
                0x1fff80cc                widgetFSM
                0x1fff80dc                containerFSM
 .data          0x1fff80ec       0x98 .\CortexM3\ARM_GCC_541\Debug\sp_common.o
                0x1fff80ec                SO_INPUT_signal
                0x1fff813c                SO_CONTROL_signal
                0x1fff8160                SO_DISPLAY_signal
 .data          0x1fff8184        0x4 .\CortexM3\ARM_GCC_541\Debug\Cm3Start.o
 .data          0x1fff8188      0x130 .\CortexM3\ARM_GCC_541\Debug\EClock.a(ErikaOS_eecfg.o)
                0x1fff8188                EE_ALARM_NAME
                0x1fff818c                EE_counter_RAM
                0x1fff8194                EE_th_terminate_nextask
                0x1fff81a8                EE_rq_pairs_next
                0x1fff81bc                EE_rq_link
                0x1fff81d0                EE_th_rnact
                0x1fff81e4                EE_rq_queues_tail
                0x1fff8224                EE_rq_queues_head
                0x1fff8264                EE_stkfirst
                0x1fff8268                EE_th_next
                0x1fff827c                EE_th_status
                0x1fff8290                EE_EVENT_NAME
                0x1fff8298                EE_TASK_NAME
                0x1fff82ac                EE_cortex_mx_IRQ_tos
                0x1fff82b0                EE_cortex_mx_system_tos
 .data          0x1fff82b8       0x10 .\CortexM3\ARM_GCC_541\Debug\EClock.a(CyLib.o)
                0x1fff82b8                cydelay_32k_ms
                0x1fff82bc                cydelay_freq_khz
                0x1fff82c0                cydelay_freq_mhz
                0x1fff82c4                cydelay_freq_hz
 .data          0x1fff82c8        0x4 .\CortexM3\ARM_GCC_541\Debug\EClock.a(ErikaOS_ee_gnu_irq_stack.o)
 .data.impure_data
                0x1fff82cc       0x60 c:/program files (x86)/cypress/psoc creator/4.4/psoc creator/import/gnu/arm/5.4.1/bin/../lib/gcc/arm-none-eabi/5.4.1/../../../../arm-none-eabi/lib/armv7-m\libg_nano.a(lib_a-impure.o)
 .data._impure_ptr
                0x1fff832c        0x4 c:/program files (x86)/cypress/psoc creator/4.4/psoc creator/import/gnu/arm/5.4.1/bin/../lib/gcc/arm-none-eabi/5.4.1/../../../../arm-none-eabi/lib/armv7-m\libg_nano.a(lib_a-impure.o)
                0x1fff832c                _impure_ptr
                0x1fff8330                . = ALIGN (0x8)
 *(.ram)
                0x1fff8330                _edata = .

.igot.plt       0x1fff8330        0x0 load address 0x00004ac8
 .igot.plt      0x1fff8330        0x0 c:/program files (x86)/cypress/psoc creator/4.4/psoc creator/import/gnu/arm/5.4.1/bin/../lib/gcc/arm-none-eabi/5.4.1/armv7-m/crtbegin.o

.bss            0x1fff8330     0x23c0 load address 0x00004ac8
                0x1fff8330                PROVIDE (__bss_start__, .)
 *(.shbss)
 *(.bss .bss.* .gnu.linkonce.b.*)
 .bss           0x1fff8330       0x1c c:/program files (x86)/cypress/psoc creator/4.4/psoc creator/import/gnu/arm/5.4.1/bin/../lib/gcc/arm-none-eabi/5.4.1/armv7-m/crtbegin.o
 .bss           0x1fff834c       0xe6 .\CortexM3\ARM_GCC_541\Debug\tft.o
 .bss           0x1fff8432        0xa .\CortexM3\ARM_GCC_541\Debug\swc_clock.o
 .bss           0x1fff843c        0x4 .\CortexM3\ARM_GCC_541\Debug\tsk_input.o
 .bss           0x1fff8440        0x1 .\CortexM3\ARM_GCC_541\Debug\sc_display_type.o
 *fill*         0x1fff8441        0x3 
 .bss           0x1fff8444       0x4c .\CortexM3\ARM_GCC_541\Debug\EClock.a(ErikaOS_eecfg.o)
                0x1fff8444                EE_th_waswaiting
                0x1fff8458                EE_th_event_waitmask
                0x1fff846c                EE_th_event_active
                0x1fff8480                EE_rq_free
                0x1fff8484                EE_rq_bitmask
                0x1fff8488                EE_sys_ceiling
                0x1fff848c                EE_cortex_mx_active_tos
 .bss           0x1fff8490        0x1 .\CortexM3\ARM_GCC_541\Debug\EClock.a(TFT_SPI.o)
                0x1fff8490                TFT_SPI_initVar
 .bss           0x1fff8491        0x1 .\CortexM3\ARM_GCC_541\Debug\EClock.a(TFT_BackLight.o)
                0x1fff8491                TFT_BackLight_initVar
 .bss           0x1fff8492        0x2 .\CortexM3\ARM_GCC_541\Debug\EClock.a(UART_LOG.o)
                0x1fff8492                UART_LOG_initVar
 .bss.__malloc_sbrk_start
                0x1fff8494        0x4 c:/program files (x86)/cypress/psoc creator/4.4/psoc creator/import/gnu/arm/5.4.1/bin/../lib/gcc/arm-none-eabi/5.4.1/../../../../arm-none-eabi/lib/armv7-m\libg_nano.a(lib_a-nano-mallocr.o)
                0x1fff8494                __malloc_sbrk_start
 .bss.__malloc_free_list
                0x1fff8498        0x4 c:/program files (x86)/cypress/psoc creator/4.4/psoc creator/import/gnu/arm/5.4.1/bin/../lib/gcc/arm-none-eabi/5.4.1/../../../../arm-none-eabi/lib/armv7-m\libg_nano.a(lib_a-nano-mallocr.o)
                0x1fff8498                __malloc_free_list
 *(COMMON)
 COMMON         0x1fff849c        0x8 .\CortexM3\ARM_GCC_541\Debug\EClock.a(ErikaOS_ee_lookup.o)
                0x1fff849c                EE_oo_IRQ_disable_count
                0x1fff84a0                EE_oo_IRQ_suspend_status
 COMMON         0x1fff84a4        0x4 .\CortexM3\ARM_GCC_541\Debug\EClock.a(ErikaOS_ee_startos.o)
                0x1fff84a4                EE_oo_started
 COMMON         0x1fff84a8        0x8 .\CortexM3\ARM_GCC_541\Debug\EClock.a(ErikaOS_common_ee_hal_structs.o)
                0x1fff84a8                EE_IRQ_nesting_level
                0x1fff84ac                EE_std_endcycle_next_tid
 COMMON         0x1fff84b0     0x223c .\CortexM3\ARM_GCC_541\Debug\EClock.a(ErikaOS_eecfg.o)
                0x1fff84b0                EE_rq_pairs_tid
                0x1fff84c4                EE_terminate_data
                0x1fff84d8                EE_oo_counter_object_RAM
                0x1fff84e8                EE_ApplicationMode
                0x1fff84ec                EE_cortex_mx_stack_4
                0x1fffa4ec                EE_cortex_mx_stack_9
 COMMON         0x1fffa6ec        0x4 c:/program files (x86)/cypress/psoc creator/4.4/psoc creator/import/gnu/arm/5.4.1/bin/../lib/gcc/arm-none-eabi/5.4.1/../../../../arm-none-eabi/lib/armv7-m\libg_nano.a(lib_a-reent.o)
                0x1fffa6ec                errno
                0x1fffa6f0                . = ALIGN (0x8)
 *(.ram.b)
                0x1fffa6f0                _end = .
                0x1fffa6f0                __end = .
                0x1fffa6f0                PROVIDE (end, .)
                0x1fffa6f0                PROVIDE (__bss_end__, .)
                0x00004860                __cy_region_init_ram = LOADADDR (.data)
                0x00000268                __cy_region_init_size_ram = (_edata - ADDR (.data))
                0x000023c0                __cy_region_zero_size_ram = (_end - _edata)

.heap           0x1fffa6f0       0x80 load address 0x00004ac8
                0x1fffa6f0                . = _end
                0x1fffa770                . = (. + 0x80)
 *fill*         0x1fffa6f0       0x80 
                0x1fffa770                __cy_heap_limit = .

.stack          0x20007800      0x800
                0x20007800                __cy_stack_limit = .
                0x20008000                . = (. + 0x800)
 *fill*         0x20007800      0x800 
                0x00000001                ASSERT ((__cy_stack_limit >= __cy_heap_limit), region RAM overflowed with stack)
                0x00000000                cy_checksum_exclude_size = (CY_APPL_LOADABLE == 0x1)?SIZEOF (.cy_checksum_exclude):0x0
                0x00000001                ASSERT ((cy_checksum_exclude_size <= CY_CHECKSUM_EXCLUDE_SIZE), CY_BOOT: Section .cy_checksum_exclude size exceedes specified limit.)

.cyloadermeta
 *(.cyloadermeta)

.cyloadablemeta
 *(.cyloadablemeta)

.cyconfigecc    0x80000000      0x598
 *(.cyconfigecc)
 .cyconfigecc   0x80000000      0x598 .\CortexM3\ARM_GCC_541\Debug\cymetadata.o
                0x80000000                cy_meta_configecc

.cycustnvl      0x90000000        0x4
 *(.cycustnvl)
 .cycustnvl     0x90000000        0x4 .\CortexM3\ARM_GCC_541\Debug\cymetadata.o
                0x90000000                cy_meta_custnvl

.cywolatch      0x90100000        0x4
 *(.cywolatch)
 .cywolatch     0x90100000        0x4 .\CortexM3\ARM_GCC_541\Debug\cymetadata.o
                0x90100000                cy_meta_wonvl

.cyeeprom       0x90200000        0x0
 *(.cyeeprom)
                0x00000001                ASSERT ((. <= ((0x90200000 + ee_offset) + ee_size)), .cyeeprom data will not fit in EEPROM)

.cyflashprotect
                0x90400000      0x100
 *(.cyflashprotect)
 .cyflashprotect
                0x90400000      0x100 .\CortexM3\ARM_GCC_541\Debug\cymetadata.o
                0x90400000                cy_meta_flashprotect

.cymeta         0x90500000        0xc
 *(.cymeta)
 .cymeta        0x90500000        0xc .\CortexM3\ARM_GCC_541\Debug\cymetadata.o
                0x90500000                cy_metadata

.rel.dyn        0x00004ac8        0x0 load address 0x9050000c
 .rel.iplt      0x00004ac8        0x0 c:/program files (x86)/cypress/psoc creator/4.4/psoc creator/import/gnu/arm/5.4.1/bin/../lib/gcc/arm-none-eabi/5.4.1/armv7-m/crtbegin.o

.stab
 *(.stab)

.stabstr
 *(.stabstr)

.debug
 *(.debug)

.line
 *(.line)

.debug_srcinfo
 *(.debug_srcinfo)

.debug_sfnames
 *(.debug_sfnames)

.debug_aranges  0x00000000     0x10b0
 *(.debug_aranges)
 .debug_aranges
                0x00000000      0x178 .\CortexM3\ARM_GCC_541\Debug\tft.o
 .debug_aranges
                0x00000178       0x28 .\CortexM3\ARM_GCC_541\Debug\logging.o
 .debug_aranges
                0x000001a0       0x60 .\CortexM3\ARM_GCC_541\Debug\main.o
 .debug_aranges
                0x00000200       0x30 .\CortexM3\ARM_GCC_541\Debug\swc_clock.o
 .debug_aranges
                0x00000230       0x20 .\CortexM3\ARM_GCC_541\Debug\tsk_control.o
 .debug_aranges
                0x00000250       0x20 .\CortexM3\ARM_GCC_541\Debug\tsk_input.o
 .debug_aranges
                0x00000270       0x20 .\CortexM3\ARM_GCC_541\Debug\tsk_system.o
 .debug_aranges
                0x00000290       0xb8 .\CortexM3\ARM_GCC_541\Debug\clock.o
 .debug_aranges
                0x00000348       0x38 .\CortexM3\ARM_GCC_541\Debug\statemachine.o
 .debug_aranges
                0x00000380       0x28 .\CortexM3\ARM_GCC_541\Debug\rte.o
 .debug_aranges
                0x000003a8       0x20 .\CortexM3\ARM_GCC_541\Debug\sc_display_type.o
 .debug_aranges
                0x000003c8       0x20 .\CortexM3\ARM_GCC_541\Debug\sc_input_type.o
 .debug_aranges
                0x000003e8       0x28 .\CortexM3\ARM_GCC_541\Debug\sp_common.o
 .debug_aranges
                0x00000410       0x58 .\CortexM3\ARM_GCC_541\Debug\cyfitter_cfg.o
 .debug_aranges
                0x00000468       0x18 .\CortexM3\ARM_GCC_541\Debug\cymetadata.o
 .debug_aranges
                0x00000480       0x48 .\CortexM3\ARM_GCC_541\Debug\Cm3Start.o
 .debug_aranges
                0x000004c8       0x20 .\CortexM3\ARM_GCC_541\Debug\EClock.a(ErikaOS_ee_activate.o)
 .debug_aranges
                0x000004e8       0x20 .\CortexM3\ARM_GCC_541\Debug\EClock.a(ErikaOS_ee_alsetrel.o)
 .debug_aranges
                0x00000508       0x58 .\CortexM3\ARM_GCC_541\Debug\EClock.a(ErikaOS_ee_altick.o)
 .debug_aranges
                0x00000560       0x20 .\CortexM3\ARM_GCC_541\Debug\EClock.a(ErikaOS_ee_evclear.o)
 .debug_aranges
                0x00000580       0x20 .\CortexM3\ARM_GCC_541\Debug\EClock.a(ErikaOS_ee_evget.o)
 .debug_aranges
                0x000005a0       0x20 .\CortexM3\ARM_GCC_541\Debug\EClock.a(ErikaOS_ee_evset.o)
 .debug_aranges
                0x000005c0       0x20 .\CortexM3\ARM_GCC_541\Debug\EClock.a(ErikaOS_ee_evwait.o)
 .debug_aranges
                0x000005e0       0x30 .\CortexM3\ARM_GCC_541\Debug\EClock.a(ErikaOS_ee_irqendin.o)
 .debug_aranges
                0x00000610       0x18 .\CortexM3\ARM_GCC_541\Debug\EClock.a(ErikaOS_ee_lookup.o)
 .debug_aranges
                0x00000628       0x20 .\CortexM3\ARM_GCC_541\Debug\EClock.a(ErikaOS_ee_rq_exchg.o)
 .debug_aranges
                0x00000648       0x20 .\CortexM3\ARM_GCC_541\Debug\EClock.a(ErikaOS_ee_rq_first.o)
 .debug_aranges
                0x00000668       0x20 .\CortexM3\ARM_GCC_541\Debug\EClock.a(ErikaOS_ee_rq_inser.o)
 .debug_aranges
                0x00000688       0x40 .\CortexM3\ARM_GCC_541\Debug\EClock.a(ErikaOS_ee_startos.o)
 .debug_aranges
                0x000006c8       0x20 .\CortexM3\ARM_GCC_541\Debug\EClock.a(ErikaOS_ee_terminat.o)
 .debug_aranges
                0x000006e8       0x20 .\CortexM3\ARM_GCC_541\Debug\EClock.a(ErikaOS_cortex_mx_ee_utils.o)
 .debug_aranges
                0x00000708       0x18 .\CortexM3\ARM_GCC_541\Debug\EClock.a(ErikaOS_common_ee_hal_structs.o)
 .debug_aranges
                0x00000720       0x18 .\CortexM3\ARM_GCC_541\Debug\EClock.a(ErikaOS_eecfg.o)
 .debug_aranges
                0x00000738       0xd8 .\CortexM3\ARM_GCC_541\Debug\EClock.a(TFT_SPI.o)
 .debug_aranges
                0x00000810       0x38 .\CortexM3\ARM_GCC_541\Debug\EClock.a(TFT_DC.o)
 .debug_aranges
                0x00000848       0x38 .\CortexM3\ARM_GCC_541\Debug\EClock.a(TFT_RES.o)
 .debug_aranges
                0x00000880       0x78 .\CortexM3\ARM_GCC_541\Debug\EClock.a(TFT_BackLight.o)
 .debug_aranges
                0x000008f8       0x70 .\CortexM3\ARM_GCC_541\Debug\EClock.a(TFT_SPI_IntClock.o)
 .debug_aranges
                0x00000968      0x2a0 .\CortexM3\ARM_GCC_541\Debug\EClock.a(CyLib.o)
 .debug_aranges
                0x00000c08       0x98 .\CortexM3\ARM_GCC_541\Debug\EClock.a(cyPm.o)
 .debug_aranges
                0x00000ca0       0xf0 .\CortexM3\ARM_GCC_541\Debug\EClock.a(UART_LOG.o)
 .debug_aranges
                0x00000d90       0x70 .\CortexM3\ARM_GCC_541\Debug\EClock.a(UART_LOG_IntClock.o)
 .debug_aranges
                0x00000e00       0x38 .\CortexM3\ARM_GCC_541\Debug\EClock.a(Button_1.o)
 .debug_aranges
                0x00000e38       0x38 .\CortexM3\ARM_GCC_541\Debug\EClock.a(Button_2.o)
 .debug_aranges
                0x00000e70       0x20 .\CortexM3\ARM_GCC_541\Debug\EClock.a(ErikaOS_ee_gnu_change_context_isr.o)
 .debug_aranges
                0x00000e90       0x20 .\CortexM3\ARM_GCC_541\Debug\EClock.a(ErikaOS_ee_gnu_irq_stack.o)
 .debug_aranges
                0x00000eb0       0x20 .\CortexM3\ARM_GCC_541\Debug\EClock.a(ErikaOS_ee_gnu_multi_context.o)
 .debug_aranges
                0x00000ed0       0x20 .\CortexM3\ARM_GCC_541\Debug\EClock.a(ErikaOS_ee_gnu_oo.o)
 .debug_aranges
                0x00000ef0       0x20 .\CortexM3\ARM_GCC_541\Debug\EClock.a(CyBootAsmGnu.o)
 .debug_aranges
                0x00000f10       0x20 .\CortexM3\ARM_GCC_541\Debug\EClock.a(ErikaOS_ee_tnterm.o)
 .debug_aranges
                0x00000f30       0x20 .\CortexM3\ARM_GCC_541\Debug\EClock.a(ErikaOS_ee_tstub.o)
 .debug_aranges
                0x00000f50       0x28 .\CortexM3\ARM_GCC_541\Debug\EClock.a(ErikaOS_cortex_mx_ee_context.o)
 .debug_aranges
                0x00000f78       0x88 .\CortexM3\ARM_GCC_541\Debug\EClock.a(CyFlash.o)
 .debug_aranges
                0x00001000       0x80 .\CortexM3\ARM_GCC_541\Debug\EClock.a(CySpc.o)
 .debug_aranges
                0x00001080       0x30 .\CortexM3\ARM_GCC_541\Debug\EClock.a(ErikaOS_ee_thendin.o)

.debug_pubnames
 *(.debug_pubnames)

.debug_info     0x00000000    0x16dad
 *(.debug_info .gnu.linkonce.wi.*)
 .debug_info    0x00000000     0x2733 .\CortexM3\ARM_GCC_541\Debug\tft.o
 .debug_info    0x00002733      0x3b5 .\CortexM3\ARM_GCC_541\Debug\logging.o
 .debug_info    0x00002ae8      0x83f .\CortexM3\ARM_GCC_541\Debug\main.o
 .debug_info    0x00003327     0x1128 .\CortexM3\ARM_GCC_541\Debug\swc_clock.o
 .debug_info    0x0000444f      0x279 .\CortexM3\ARM_GCC_541\Debug\tsk_control.o
 .debug_info    0x000046c8      0x252 .\CortexM3\ARM_GCC_541\Debug\tsk_input.o
 .debug_info    0x0000491a      0x17d .\CortexM3\ARM_GCC_541\Debug\tsk_system.o
 .debug_info    0x00004a97     0x1b8e .\CortexM3\ARM_GCC_541\Debug\clock.o
 .debug_info    0x00006625      0x542 .\CortexM3\ARM_GCC_541\Debug\statemachine.o
 .debug_info    0x00006b67      0x375 .\CortexM3\ARM_GCC_541\Debug\rte.o
 .debug_info    0x00006edc      0x6a3 .\CortexM3\ARM_GCC_541\Debug\sc_display_type.o
 .debug_info    0x0000757f      0x5c8 .\CortexM3\ARM_GCC_541\Debug\sc_input_type.o
 .debug_info    0x00007b47      0xd6c .\CortexM3\ARM_GCC_541\Debug\sp_common.o
 .debug_info    0x000088b3      0x5cd .\CortexM3\ARM_GCC_541\Debug\cyfitter_cfg.o
 .debug_info    0x00008e80      0x136 .\CortexM3\ARM_GCC_541\Debug\cymetadata.o
 .debug_info    0x00008fb6      0x3bb .\CortexM3\ARM_GCC_541\Debug\Cm3Start.o
 .debug_info    0x00009371      0x80d .\CortexM3\ARM_GCC_541\Debug\EClock.a(ErikaOS_ee_activate.o)
 .debug_info    0x00009b7e      0x5e5 .\CortexM3\ARM_GCC_541\Debug\EClock.a(ErikaOS_ee_alsetrel.o)
 .debug_info    0x0000a163      0xc3b .\CortexM3\ARM_GCC_541\Debug\EClock.a(ErikaOS_ee_altick.o)
 .debug_info    0x0000ad9e      0x5a7 .\CortexM3\ARM_GCC_541\Debug\EClock.a(ErikaOS_ee_evclear.o)
 .debug_info    0x0000b345      0x4ca .\CortexM3\ARM_GCC_541\Debug\EClock.a(ErikaOS_ee_evget.o)
 .debug_info    0x0000b80f      0x7c3 .\CortexM3\ARM_GCC_541\Debug\EClock.a(ErikaOS_ee_evset.o)
 .debug_info    0x0000bfd2      0x84e .\CortexM3\ARM_GCC_541\Debug\EClock.a(ErikaOS_ee_evwait.o)
 .debug_info    0x0000c820      0x5cb .\CortexM3\ARM_GCC_541\Debug\EClock.a(ErikaOS_ee_irqendin.o)
 .debug_info    0x0000cdeb      0x3d0 .\CortexM3\ARM_GCC_541\Debug\EClock.a(ErikaOS_ee_lookup.o)
 .debug_info    0x0000d1bb      0x46f .\CortexM3\ARM_GCC_541\Debug\EClock.a(ErikaOS_ee_rq_exchg.o)
 .debug_info    0x0000d62a      0x421 .\CortexM3\ARM_GCC_541\Debug\EClock.a(ErikaOS_ee_rq_first.o)
 .debug_info    0x0000da4b      0x475 .\CortexM3\ARM_GCC_541\Debug\EClock.a(ErikaOS_ee_rq_inser.o)
 .debug_info    0x0000dec0     0x2040 .\CortexM3\ARM_GCC_541\Debug\EClock.a(ErikaOS_ee_startos.o)
 .debug_info    0x0000ff00      0x589 .\CortexM3\ARM_GCC_541\Debug\EClock.a(ErikaOS_ee_terminat.o)
 .debug_info    0x00010489      0x513 .\CortexM3\ARM_GCC_541\Debug\EClock.a(ErikaOS_cortex_mx_ee_utils.o)
 .debug_info    0x0001099c      0x3cb .\CortexM3\ARM_GCC_541\Debug\EClock.a(ErikaOS_common_ee_hal_structs.o)
 .debug_info    0x00010d67      0x8b7 .\CortexM3\ARM_GCC_541\Debug\EClock.a(ErikaOS_eecfg.o)
 .debug_info    0x0001161e      0x4bb .\CortexM3\ARM_GCC_541\Debug\EClock.a(TFT_SPI.o)
 .debug_info    0x00011ad9      0x11f .\CortexM3\ARM_GCC_541\Debug\EClock.a(TFT_DC.o)
 .debug_info    0x00011bf8      0x11f .\CortexM3\ARM_GCC_541\Debug\EClock.a(TFT_RES.o)
 .debug_info    0x00011d17      0x27e .\CortexM3\ARM_GCC_541\Debug\EClock.a(TFT_BackLight.o)
 .debug_info    0x00011f95      0x283 .\CortexM3\ARM_GCC_541\Debug\EClock.a(TFT_SPI_IntClock.o)
 .debug_info    0x00012218     0x1374 .\CortexM3\ARM_GCC_541\Debug\EClock.a(CyLib.o)
 .debug_info    0x0001358c      0xa2a .\CortexM3\ARM_GCC_541\Debug\EClock.a(cyPm.o)
 .debug_info    0x00013fb6      0x60c .\CortexM3\ARM_GCC_541\Debug\EClock.a(UART_LOG.o)
 .debug_info    0x000145c2      0x283 .\CortexM3\ARM_GCC_541\Debug\EClock.a(UART_LOG_IntClock.o)
 .debug_info    0x00014845      0x11f .\CortexM3\ARM_GCC_541\Debug\EClock.a(Button_1.o)
 .debug_info    0x00014964      0x11f .\CortexM3\ARM_GCC_541\Debug\EClock.a(Button_2.o)
 .debug_info    0x00014a83       0x9a .\CortexM3\ARM_GCC_541\Debug\EClock.a(ErikaOS_ee_gnu_change_context_isr.o)
 .debug_info    0x00014b1d       0x91 .\CortexM3\ARM_GCC_541\Debug\EClock.a(ErikaOS_ee_gnu_irq_stack.o)
 .debug_info    0x00014bae       0x95 .\CortexM3\ARM_GCC_541\Debug\EClock.a(ErikaOS_ee_gnu_multi_context.o)
 .debug_info    0x00014c43       0x8a .\CortexM3\ARM_GCC_541\Debug\EClock.a(ErikaOS_ee_gnu_oo.o)
 .debug_info    0x00014ccd       0x85 .\CortexM3\ARM_GCC_541\Debug\EClock.a(CyBootAsmGnu.o)
 .debug_info    0x00014d52      0x43d .\CortexM3\ARM_GCC_541\Debug\EClock.a(ErikaOS_ee_tnterm.o)
 .debug_info    0x0001518f      0x487 .\CortexM3\ARM_GCC_541\Debug\EClock.a(ErikaOS_ee_tstub.o)
 .debug_info    0x00015616      0x501 .\CortexM3\ARM_GCC_541\Debug\EClock.a(ErikaOS_cortex_mx_ee_context.o)
 .debug_info    0x00015b17      0x64d .\CortexM3\ARM_GCC_541\Debug\EClock.a(CyFlash.o)
 .debug_info    0x00016164      0x550 .\CortexM3\ARM_GCC_541\Debug\EClock.a(CySpc.o)
 .debug_info    0x000166b4      0x6f9 .\CortexM3\ARM_GCC_541\Debug\EClock.a(ErikaOS_ee_thendin.o)

.debug_abbrev   0x00000000     0x51f1
 *(.debug_abbrev)
 .debug_abbrev  0x00000000      0x2bf .\CortexM3\ARM_GCC_541\Debug\tft.o
 .debug_abbrev  0x000002bf      0x14a .\CortexM3\ARM_GCC_541\Debug\logging.o
 .debug_abbrev  0x00000409      0x26c .\CortexM3\ARM_GCC_541\Debug\main.o
 .debug_abbrev  0x00000675      0x2b0 .\CortexM3\ARM_GCC_541\Debug\swc_clock.o
 .debug_abbrev  0x00000925      0x158 .\CortexM3\ARM_GCC_541\Debug\tsk_control.o
 .debug_abbrev  0x00000a7d      0x139 .\CortexM3\ARM_GCC_541\Debug\tsk_input.o
 .debug_abbrev  0x00000bb6       0xc7 .\CortexM3\ARM_GCC_541\Debug\tsk_system.o
 .debug_abbrev  0x00000c7d      0x315 .\CortexM3\ARM_GCC_541\Debug\clock.o
 .debug_abbrev  0x00000f92      0x183 .\CortexM3\ARM_GCC_541\Debug\statemachine.o
 .debug_abbrev  0x00001115      0x16b .\CortexM3\ARM_GCC_541\Debug\rte.o
 .debug_abbrev  0x00001280      0x176 .\CortexM3\ARM_GCC_541\Debug\sc_display_type.o
 .debug_abbrev  0x000013f6      0x129 .\CortexM3\ARM_GCC_541\Debug\sc_input_type.o
 .debug_abbrev  0x0000151f      0x22a .\CortexM3\ARM_GCC_541\Debug\sp_common.o
 .debug_abbrev  0x00001749      0x20d .\CortexM3\ARM_GCC_541\Debug\cyfitter_cfg.o
 .debug_abbrev  0x00001956       0x77 .\CortexM3\ARM_GCC_541\Debug\cymetadata.o
 .debug_abbrev  0x000019cd      0x1e8 .\CortexM3\ARM_GCC_541\Debug\Cm3Start.o
 .debug_abbrev  0x00001bb5      0x284 .\CortexM3\ARM_GCC_541\Debug\EClock.a(ErikaOS_ee_activate.o)
 .debug_abbrev  0x00001e39      0x1f7 .\CortexM3\ARM_GCC_541\Debug\EClock.a(ErikaOS_ee_alsetrel.o)
 .debug_abbrev  0x00002030      0x362 .\CortexM3\ARM_GCC_541\Debug\EClock.a(ErikaOS_ee_altick.o)
 .debug_abbrev  0x00002392      0x1e0 .\CortexM3\ARM_GCC_541\Debug\EClock.a(ErikaOS_ee_evclear.o)
 .debug_abbrev  0x00002572      0x150 .\CortexM3\ARM_GCC_541\Debug\EClock.a(ErikaOS_ee_evget.o)
 .debug_abbrev  0x000026c2      0x27f .\CortexM3\ARM_GCC_541\Debug\EClock.a(ErikaOS_ee_evset.o)
 .debug_abbrev  0x00002941      0x25d .\CortexM3\ARM_GCC_541\Debug\EClock.a(ErikaOS_ee_evwait.o)
 .debug_abbrev  0x00002b9e      0x1da .\CortexM3\ARM_GCC_541\Debug\EClock.a(ErikaOS_ee_irqendin.o)
 .debug_abbrev  0x00002d78       0xcf .\CortexM3\ARM_GCC_541\Debug\EClock.a(ErikaOS_ee_lookup.o)
 .debug_abbrev  0x00002e47       0xfc .\CortexM3\ARM_GCC_541\Debug\EClock.a(ErikaOS_ee_rq_exchg.o)
 .debug_abbrev  0x00002f43       0xed .\CortexM3\ARM_GCC_541\Debug\EClock.a(ErikaOS_ee_rq_first.o)
 .debug_abbrev  0x00003030      0x109 .\CortexM3\ARM_GCC_541\Debug\EClock.a(ErikaOS_ee_rq_inser.o)
 .debug_abbrev  0x00003139      0x4a7 .\CortexM3\ARM_GCC_541\Debug\EClock.a(ErikaOS_ee_startos.o)
 .debug_abbrev  0x000035e0      0x1de .\CortexM3\ARM_GCC_541\Debug\EClock.a(ErikaOS_ee_terminat.o)
 .debug_abbrev  0x000037be      0x1e3 .\CortexM3\ARM_GCC_541\Debug\EClock.a(ErikaOS_cortex_mx_ee_utils.o)
 .debug_abbrev  0x000039a1       0xcf .\CortexM3\ARM_GCC_541\Debug\EClock.a(ErikaOS_common_ee_hal_structs.o)
 .debug_abbrev  0x00003a70      0x130 .\CortexM3\ARM_GCC_541\Debug\EClock.a(ErikaOS_eecfg.o)
 .debug_abbrev  0x00003ba0      0x146 .\CortexM3\ARM_GCC_541\Debug\EClock.a(TFT_SPI.o)
 .debug_abbrev  0x00003ce6       0x90 .\CortexM3\ARM_GCC_541\Debug\EClock.a(TFT_DC.o)
 .debug_abbrev  0x00003d76       0x90 .\CortexM3\ARM_GCC_541\Debug\EClock.a(TFT_RES.o)
 .debug_abbrev  0x00003e06      0x12d .\CortexM3\ARM_GCC_541\Debug\EClock.a(TFT_BackLight.o)
 .debug_abbrev  0x00003f33      0x139 .\CortexM3\ARM_GCC_541\Debug\EClock.a(TFT_SPI_IntClock.o)
 .debug_abbrev  0x0000406c      0x254 .\CortexM3\ARM_GCC_541\Debug\EClock.a(CyLib.o)
 .debug_abbrev  0x000042c0      0x1ab .\CortexM3\ARM_GCC_541\Debug\EClock.a(cyPm.o)
 .debug_abbrev  0x0000446b      0x175 .\CortexM3\ARM_GCC_541\Debug\EClock.a(UART_LOG.o)
 .debug_abbrev  0x000045e0      0x139 .\CortexM3\ARM_GCC_541\Debug\EClock.a(UART_LOG_IntClock.o)
 .debug_abbrev  0x00004719       0x90 .\CortexM3\ARM_GCC_541\Debug\EClock.a(Button_1.o)
 .debug_abbrev  0x000047a9       0x90 .\CortexM3\ARM_GCC_541\Debug\EClock.a(Button_2.o)
 .debug_abbrev  0x00004839       0x14 .\CortexM3\ARM_GCC_541\Debug\EClock.a(ErikaOS_ee_gnu_change_context_isr.o)
 .debug_abbrev  0x0000484d       0x14 .\CortexM3\ARM_GCC_541\Debug\EClock.a(ErikaOS_ee_gnu_irq_stack.o)
 .debug_abbrev  0x00004861       0x14 .\CortexM3\ARM_GCC_541\Debug\EClock.a(ErikaOS_ee_gnu_multi_context.o)
 .debug_abbrev  0x00004875       0x14 .\CortexM3\ARM_GCC_541\Debug\EClock.a(ErikaOS_ee_gnu_oo.o)
 .debug_abbrev  0x00004889       0x14 .\CortexM3\ARM_GCC_541\Debug\EClock.a(CyBootAsmGnu.o)
 .debug_abbrev  0x0000489d      0x157 .\CortexM3\ARM_GCC_541\Debug\EClock.a(ErikaOS_ee_tnterm.o)
 .debug_abbrev  0x000049f4      0x143 .\CortexM3\ARM_GCC_541\Debug\EClock.a(ErikaOS_ee_tstub.o)
 .debug_abbrev  0x00004b37      0x156 .\CortexM3\ARM_GCC_541\Debug\EClock.a(ErikaOS_cortex_mx_ee_context.o)
 .debug_abbrev  0x00004c8d      0x1a7 .\CortexM3\ARM_GCC_541\Debug\EClock.a(CyFlash.o)
 .debug_abbrev  0x00004e34      0x194 .\CortexM3\ARM_GCC_541\Debug\EClock.a(CySpc.o)
 .debug_abbrev  0x00004fc8      0x229 .\CortexM3\ARM_GCC_541\Debug\EClock.a(ErikaOS_ee_thendin.o)

.debug_line     0x00000000     0x7848
 *(.debug_line)
 .debug_line    0x00000000      0x8a7 .\CortexM3\ARM_GCC_541\Debug\tft.o
 .debug_line    0x000008a7      0x24b .\CortexM3\ARM_GCC_541\Debug\logging.o
 .debug_line    0x00000af2      0x4e1 .\CortexM3\ARM_GCC_541\Debug\main.o
 .debug_line    0x00000fd3      0x4a3 .\CortexM3\ARM_GCC_541\Debug\swc_clock.o
 .debug_line    0x00001476      0x283 .\CortexM3\ARM_GCC_541\Debug\tsk_control.o
 .debug_line    0x000016f9      0x277 .\CortexM3\ARM_GCC_541\Debug\tsk_input.o
 .debug_line    0x00001970      0x22d .\CortexM3\ARM_GCC_541\Debug\tsk_system.o
 .debug_line    0x00001b9d      0x6c4 .\CortexM3\ARM_GCC_541\Debug\clock.o
 .debug_line    0x00002261      0x312 .\CortexM3\ARM_GCC_541\Debug\statemachine.o
 .debug_line    0x00002573      0x287 .\CortexM3\ARM_GCC_541\Debug\rte.o
 .debug_line    0x000027fa        0x0 .\CortexM3\ARM_GCC_541\Debug\sc_control.o
 .debug_line    0x000027fa        0x0 .\CortexM3\ARM_GCC_541\Debug\sc_display.o
 .debug_line    0x000027fa      0x307 .\CortexM3\ARM_GCC_541\Debug\sc_display_type.o
 .debug_line    0x00002b01        0x0 .\CortexM3\ARM_GCC_541\Debug\sc_input.o
 .debug_line    0x00002b01      0x2b0 .\CortexM3\ARM_GCC_541\Debug\sc_input_type.o
 .debug_line    0x00002db1      0x3cb .\CortexM3\ARM_GCC_541\Debug\sp_common.o
 .debug_line    0x0000317c      0x1f7 .\CortexM3\ARM_GCC_541\Debug\cyfitter_cfg.o
 .debug_line    0x00003373      0x141 .\CortexM3\ARM_GCC_541\Debug\cymetadata.o
 .debug_line    0x000034b4      0x234 .\CortexM3\ARM_GCC_541\Debug\Cm3Start.o
 .debug_line    0x000036e8      0x1e6 .\CortexM3\ARM_GCC_541\Debug\EClock.a(ErikaOS_ee_activate.o)
 .debug_line    0x000038ce      0x1bd .\CortexM3\ARM_GCC_541\Debug\EClock.a(ErikaOS_ee_alsetrel.o)
 .debug_line    0x00003a8b      0x2f1 .\CortexM3\ARM_GCC_541\Debug\EClock.a(ErikaOS_ee_altick.o)
 .debug_line    0x00003d7c      0x1c1 .\CortexM3\ARM_GCC_541\Debug\EClock.a(ErikaOS_ee_evclear.o)
 .debug_line    0x00003f3d      0x14b .\CortexM3\ARM_GCC_541\Debug\EClock.a(ErikaOS_ee_evget.o)
 .debug_line    0x00004088      0x1e3 .\CortexM3\ARM_GCC_541\Debug\EClock.a(ErikaOS_ee_evset.o)
 .debug_line    0x0000426b      0x1ef .\CortexM3\ARM_GCC_541\Debug\EClock.a(ErikaOS_ee_evwait.o)
 .debug_line    0x0000445a      0x190 .\CortexM3\ARM_GCC_541\Debug\EClock.a(ErikaOS_ee_irqendin.o)
 .debug_line    0x000045ea      0x10b .\CortexM3\ARM_GCC_541\Debug\EClock.a(ErikaOS_ee_lookup.o)
 .debug_line    0x000046f5      0x14b .\CortexM3\ARM_GCC_541\Debug\EClock.a(ErikaOS_ee_rq_exchg.o)
 .debug_line    0x00004840      0x142 .\CortexM3\ARM_GCC_541\Debug\EClock.a(ErikaOS_ee_rq_first.o)
 .debug_line    0x00004982      0x146 .\CortexM3\ARM_GCC_541\Debug\EClock.a(ErikaOS_ee_rq_inser.o)
 .debug_line    0x00004ac8      0x3e8 .\CortexM3\ARM_GCC_541\Debug\EClock.a(ErikaOS_ee_startos.o)
 .debug_line    0x00004eb0      0x1ac .\CortexM3\ARM_GCC_541\Debug\EClock.a(ErikaOS_ee_terminat.o)
 .debug_line    0x0000505c      0x174 .\CortexM3\ARM_GCC_541\Debug\EClock.a(ErikaOS_cortex_mx_ee_utils.o)
 .debug_line    0x000051d0       0xed .\CortexM3\ARM_GCC_541\Debug\EClock.a(ErikaOS_common_ee_hal_structs.o)
 .debug_line    0x000052bd      0x12c .\CortexM3\ARM_GCC_541\Debug\EClock.a(ErikaOS_eecfg.o)
 .debug_line    0x000053e9      0x249 .\CortexM3\ARM_GCC_541\Debug\EClock.a(TFT_SPI.o)
 .debug_line    0x00005632       0x93 .\CortexM3\ARM_GCC_541\Debug\EClock.a(TFT_DC.o)
 .debug_line    0x000056c5       0x94 .\CortexM3\ARM_GCC_541\Debug\EClock.a(TFT_RES.o)
 .debug_line    0x00005759      0x13b .\CortexM3\ARM_GCC_541\Debug\EClock.a(TFT_BackLight.o)
 .debug_line    0x00005894      0x17f .\CortexM3\ARM_GCC_541\Debug\EClock.a(TFT_SPI_IntClock.o)
 .debug_line    0x00005a13      0x816 .\CortexM3\ARM_GCC_541\Debug\EClock.a(CyLib.o)
 .debug_line    0x00006229      0x367 .\CortexM3\ARM_GCC_541\Debug\EClock.a(cyPm.o)
 .debug_line    0x00006590      0x2c4 .\CortexM3\ARM_GCC_541\Debug\EClock.a(UART_LOG.o)
 .debug_line    0x00006854      0x180 .\CortexM3\ARM_GCC_541\Debug\EClock.a(UART_LOG_IntClock.o)
 .debug_line    0x000069d4       0x95 .\CortexM3\ARM_GCC_541\Debug\EClock.a(Button_1.o)
 .debug_line    0x00006a69       0x95 .\CortexM3\ARM_GCC_541\Debug\EClock.a(Button_2.o)
 .debug_line    0x00006afe       0xac .\CortexM3\ARM_GCC_541\Debug\EClock.a(ErikaOS_ee_gnu_change_context_isr.o)
 .debug_line    0x00006baa       0x72 .\CortexM3\ARM_GCC_541\Debug\EClock.a(ErikaOS_ee_gnu_irq_stack.o)
 .debug_line    0x00006c1c       0x9b .\CortexM3\ARM_GCC_541\Debug\EClock.a(ErikaOS_ee_gnu_multi_context.o)
 .debug_line    0x00006cb7       0x97 .\CortexM3\ARM_GCC_541\Debug\EClock.a(ErikaOS_ee_gnu_oo.o)
 .debug_line    0x00006d4e       0x66 .\CortexM3\ARM_GCC_541\Debug\EClock.a(CyBootAsmGnu.o)
 .debug_line    0x00006db4      0x169 .\CortexM3\ARM_GCC_541\Debug\EClock.a(ErikaOS_ee_tnterm.o)
 .debug_line    0x00006f1d      0x160 .\CortexM3\ARM_GCC_541\Debug\EClock.a(ErikaOS_ee_tstub.o)
 .debug_line    0x0000707d      0x19a .\CortexM3\ARM_GCC_541\Debug\EClock.a(ErikaOS_cortex_mx_ee_context.o)
 .debug_line    0x00007217      0x21a .\CortexM3\ARM_GCC_541\Debug\EClock.a(CyFlash.o)
 .debug_line    0x00007431      0x260 .\CortexM3\ARM_GCC_541\Debug\EClock.a(CySpc.o)
 .debug_line    0x00007691      0x1b7 .\CortexM3\ARM_GCC_541\Debug\EClock.a(ErikaOS_ee_thendin.o)

.debug_frame    0x00000000     0x2b94
 *(.debug_frame)
 .debug_frame   0x00000000      0x5bc .\CortexM3\ARM_GCC_541\Debug\tft.o
 .debug_frame   0x000005bc       0x48 .\CortexM3\ARM_GCC_541\Debug\logging.o
 .debug_frame   0x00000604      0x124 .\CortexM3\ARM_GCC_541\Debug\main.o
 .debug_frame   0x00000728       0x80 .\CortexM3\ARM_GCC_541\Debug\swc_clock.o
 .debug_frame   0x000007a8       0x2c .\CortexM3\ARM_GCC_541\Debug\tsk_control.o
 .debug_frame   0x000007d4       0x2c .\CortexM3\ARM_GCC_541\Debug\tsk_input.o
 .debug_frame   0x00000800       0x2c .\CortexM3\ARM_GCC_541\Debug\tsk_system.o
 .debug_frame   0x0000082c      0x2f0 .\CortexM3\ARM_GCC_541\Debug\clock.o
 .debug_frame   0x00000b1c       0x88 .\CortexM3\ARM_GCC_541\Debug\statemachine.o
 .debug_frame   0x00000ba4       0x60 .\CortexM3\ARM_GCC_541\Debug\rte.o
 .debug_frame   0x00000c04       0x48 .\CortexM3\ARM_GCC_541\Debug\sc_display_type.o
 .debug_frame   0x00000c4c       0x30 .\CortexM3\ARM_GCC_541\Debug\sc_input_type.o
 .debug_frame   0x00000c7c       0x48 .\CortexM3\ARM_GCC_541\Debug\sp_common.o
 .debug_frame   0x00000cc4       0xe4 .\CortexM3\ARM_GCC_541\Debug\cyfitter_cfg.o
 .debug_frame   0x00000da8       0xb8 .\CortexM3\ARM_GCC_541\Debug\Cm3Start.o
 .debug_frame   0x00000e60       0x30 .\CortexM3\ARM_GCC_541\Debug\EClock.a(ErikaOS_ee_activate.o)
 .debug_frame   0x00000e90       0x38 .\CortexM3\ARM_GCC_541\Debug\EClock.a(ErikaOS_ee_alsetrel.o)
 .debug_frame   0x00000ec8      0x10c .\CortexM3\ARM_GCC_541\Debug\EClock.a(ErikaOS_ee_altick.o)
 .debug_frame   0x00000fd4       0x38 .\CortexM3\ARM_GCC_541\Debug\EClock.a(ErikaOS_ee_evclear.o)
 .debug_frame   0x0000100c       0x20 .\CortexM3\ARM_GCC_541\Debug\EClock.a(ErikaOS_ee_evget.o)
 .debug_frame   0x0000102c       0x30 .\CortexM3\ARM_GCC_541\Debug\EClock.a(ErikaOS_ee_evset.o)
 .debug_frame   0x0000105c       0x30 .\CortexM3\ARM_GCC_541\Debug\EClock.a(ErikaOS_ee_evwait.o)
 .debug_frame   0x0000108c       0x58 .\CortexM3\ARM_GCC_541\Debug\EClock.a(ErikaOS_ee_irqendin.o)
 .debug_frame   0x000010e4       0x3c .\CortexM3\ARM_GCC_541\Debug\EClock.a(ErikaOS_ee_rq_exchg.o)
 .debug_frame   0x00001120       0x20 .\CortexM3\ARM_GCC_541\Debug\EClock.a(ErikaOS_ee_rq_first.o)
 .debug_frame   0x00001140       0x30 .\CortexM3\ARM_GCC_541\Debug\EClock.a(ErikaOS_ee_rq_inser.o)
 .debug_frame   0x00001170       0x90 .\CortexM3\ARM_GCC_541\Debug\EClock.a(ErikaOS_ee_startos.o)
 .debug_frame   0x00001200       0x2c .\CortexM3\ARM_GCC_541\Debug\EClock.a(ErikaOS_ee_terminat.o)
 .debug_frame   0x0000122c       0x30 .\CortexM3\ARM_GCC_541\Debug\EClock.a(ErikaOS_cortex_mx_ee_utils.o)
 .debug_frame   0x0000125c      0x1e8 .\CortexM3\ARM_GCC_541\Debug\EClock.a(TFT_SPI.o)
 .debug_frame   0x00001444       0x50 .\CortexM3\ARM_GCC_541\Debug\EClock.a(TFT_DC.o)
 .debug_frame   0x00001494       0x50 .\CortexM3\ARM_GCC_541\Debug\EClock.a(TFT_RES.o)
 .debug_frame   0x000014e4       0xe8 .\CortexM3\ARM_GCC_541\Debug\EClock.a(TFT_BackLight.o)
 .debug_frame   0x000015cc       0xe0 .\CortexM3\ARM_GCC_541\Debug\EClock.a(TFT_SPI_IntClock.o)
 .debug_frame   0x000016ac      0x738 .\CortexM3\ARM_GCC_541\Debug\EClock.a(CyLib.o)
 .debug_frame   0x00001de4      0x1f8 .\CortexM3\ARM_GCC_541\Debug\EClock.a(cyPm.o)
 .debug_frame   0x00001fdc      0x250 .\CortexM3\ARM_GCC_541\Debug\EClock.a(UART_LOG.o)
 .debug_frame   0x0000222c       0xe0 .\CortexM3\ARM_GCC_541\Debug\EClock.a(UART_LOG_IntClock.o)
 .debug_frame   0x0000230c       0x50 .\CortexM3\ARM_GCC_541\Debug\EClock.a(Button_1.o)
 .debug_frame   0x0000235c       0x50 .\CortexM3\ARM_GCC_541\Debug\EClock.a(Button_2.o)
 .debug_frame   0x000023ac       0x2c .\CortexM3\ARM_GCC_541\Debug\EClock.a(ErikaOS_ee_tnterm.o)
 .debug_frame   0x000023d8       0x2c .\CortexM3\ARM_GCC_541\Debug\EClock.a(ErikaOS_ee_tstub.o)
 .debug_frame   0x00002404       0x3c .\CortexM3\ARM_GCC_541\Debug\EClock.a(ErikaOS_cortex_mx_ee_context.o)
 .debug_frame   0x00002440      0x194 .\CortexM3\ARM_GCC_541\Debug\EClock.a(CyFlash.o)
 .debug_frame   0x000025d4      0x180 .\CortexM3\ARM_GCC_541\Debug\EClock.a(CySpc.o)
 .debug_frame   0x00002754       0x5c .\CortexM3\ARM_GCC_541\Debug\EClock.a(ErikaOS_ee_thendin.o)
 .debug_frame   0x000027b0       0x20 c:/program files (x86)/cypress/psoc creator/4.4/psoc creator/import/gnu/arm/5.4.1/bin/../lib/gcc/arm-none-eabi/5.4.1/../../../../arm-none-eabi/lib/armv7-m\libg_nano.a(lib_a-errno.o)
 .debug_frame   0x000027d0       0x28 c:/program files (x86)/cypress/psoc creator/4.4/psoc creator/import/gnu/arm/5.4.1/bin/../lib/gcc/arm-none-eabi/5.4.1/../../../../arm-none-eabi/lib/armv7-m\libg_nano.a(lib_a-exit.o)
 .debug_frame   0x000027f8       0x2c c:/program files (x86)/cypress/psoc creator/4.4/psoc creator/import/gnu/arm/5.4.1/bin/../lib/gcc/arm-none-eabi/5.4.1/../../../../arm-none-eabi/lib/armv7-m\libg_nano.a(lib_a-init.o)
 .debug_frame   0x00002824       0x28 c:/program files (x86)/cypress/psoc creator/4.4/psoc creator/import/gnu/arm/5.4.1/bin/../lib/gcc/arm-none-eabi/5.4.1/../../../../arm-none-eabi/lib/armv7-m\libg_nano.a(lib_a-memcpy-stub.o)
 .debug_frame   0x0000284c       0x20 c:/program files (x86)/cypress/psoc creator/4.4/psoc creator/import/gnu/arm/5.4.1/bin/../lib/gcc/arm-none-eabi/5.4.1/../../../../arm-none-eabi/lib/armv7-m\libg_nano.a(lib_a-memset.o)
 .debug_frame   0x0000286c       0x70 c:/program files (x86)/cypress/psoc creator/4.4/psoc creator/import/gnu/arm/5.4.1/bin/../lib/gcc/arm-none-eabi/5.4.1/../../../../arm-none-eabi/lib/armv7-m\libg_nano.a(lib_a-sprintf.o)
 .debug_frame   0x000028dc       0x90 c:/program files (x86)/cypress/psoc creator/4.4/psoc creator/import/gnu/arm/5.4.1/bin/../lib/gcc/arm-none-eabi/5.4.1/../../../../arm-none-eabi/lib/armv7-m\libg_nano.a(lib_a-nano-svfprintf.o)
 .debug_frame   0x0000296c       0x60 c:/program files (x86)/cypress/psoc creator/4.4/psoc creator/import/gnu/arm/5.4.1/bin/../lib/gcc/arm-none-eabi/5.4.1/../../../../arm-none-eabi/lib/armv7-m\libg_nano.a(lib_a-nano-vfprintf_i.o)
 .debug_frame   0x000029cc       0x28 c:/program files (x86)/cypress/psoc creator/4.4/psoc creator/import/gnu/arm/5.4.1/bin/../lib/gcc/arm-none-eabi/5.4.1/../../../../arm-none-eabi/lib/armv7-m\libg_nano.a(lib_a-memchr-stub.o)
 .debug_frame   0x000029f4       0x28 c:/program files (x86)/cypress/psoc creator/4.4/psoc creator/import/gnu/arm/5.4.1/bin/../lib/gcc/arm-none-eabi/5.4.1/../../../../arm-none-eabi/lib/armv7-m\libg_nano.a(lib_a-memmove.o)
 .debug_frame   0x00002a1c       0x38 c:/program files (x86)/cypress/psoc creator/4.4/psoc creator/import/gnu/arm/5.4.1/bin/../lib/gcc/arm-none-eabi/5.4.1/../../../../arm-none-eabi/lib/armv7-m\libg_nano.a(lib_a-nano-freer.o)
 .debug_frame   0x00002a54       0x2c c:/program files (x86)/cypress/psoc creator/4.4/psoc creator/import/gnu/arm/5.4.1/bin/../lib/gcc/arm-none-eabi/5.4.1/../../../../arm-none-eabi/lib/armv7-m\libg_nano.a(lib_a-nano-mallocr.o)
 .debug_frame   0x00002a80       0x3c c:/program files (x86)/cypress/psoc creator/4.4/psoc creator/import/gnu/arm/5.4.1/bin/../lib/gcc/arm-none-eabi/5.4.1/../../../../arm-none-eabi/lib/armv7-m\libg_nano.a(lib_a-nano-reallocr.o)
 .debug_frame   0x00002abc       0x2c c:/program files (x86)/cypress/psoc creator/4.4/psoc creator/import/gnu/arm/5.4.1/bin/../lib/gcc/arm-none-eabi/5.4.1/../../../../arm-none-eabi/lib/armv7-m\libg_nano.a(lib_a-sbrkr.o)
 .debug_frame   0x00002ae8       0x30 c:/program files (x86)/cypress/psoc creator/4.4/psoc creator/import/gnu/arm/5.4.1/bin/../lib/gcc/arm-none-eabi/5.4.1/../../../../arm-none-eabi/lib/armv7-m\libg_nano.a(lib_a-mlock.o)
 .debug_frame   0x00002b18       0x20 c:/program files (x86)/cypress/psoc creator/4.4/psoc creator/import/gnu/arm/5.4.1/bin/../lib/gcc/arm-none-eabi/5.4.1/../../../../arm-none-eabi/lib/armv7-m\libg_nano.a(lib_a-nano-msizer.o)
 .debug_frame   0x00002b38       0x5c c:/program files (x86)/cypress/psoc creator/4.4/psoc creator/import/gnu/arm/5.4.1/bin/../lib/gcc/arm-none-eabi/5.4.1/../../../../arm-none-eabi/lib/armv7-m\libg_nano.a(lib_a-reent.o)

.debug_str      0x00000000     0x5307
 *(.debug_str)
 .debug_str     0x00000000      0xc39 .\CortexM3\ARM_GCC_541\Debug\tft.o
                                0xd0d (size before relaxing)
 .debug_str     0x00000c39       0x4d .\CortexM3\ARM_GCC_541\Debug\logging.o
                                0x4cb (size before relaxing)
 .debug_str     0x00000c86      0x2fb .\CortexM3\ARM_GCC_541\Debug\main.o
                                0x607 (size before relaxing)
 .debug_str     0x00000f81      0x709 .\CortexM3\ARM_GCC_541\Debug\swc_clock.o
                                0xc14 (size before relaxing)
 .debug_str     0x0000168a       0xd8 .\CortexM3\ARM_GCC_541\Debug\tsk_control.o
                                0x335 (size before relaxing)
 .debug_str     0x00001762       0xa9 .\CortexM3\ARM_GCC_541\Debug\tsk_input.o
                                0x336 (size before relaxing)
 .debug_str     0x0000180b       0x44 .\CortexM3\ARM_GCC_541\Debug\tsk_system.o
                                0x283 (size before relaxing)
 .debug_str     0x0000184f      0x4b3 .\CortexM3\ARM_GCC_541\Debug\clock.o
                                0xf29 (size before relaxing)
 .debug_str     0x00001d02       0x99 .\CortexM3\ARM_GCC_541\Debug\statemachine.o
                                0x605 (size before relaxing)
 .debug_str     0x00001d9b       0x1b .\CortexM3\ARM_GCC_541\Debug\rte.o
                                0x4b7 (size before relaxing)
 .debug_str     0x00001db6       0x18 .\CortexM3\ARM_GCC_541\Debug\sc_control.o
                                 0xdd (size before relaxing)
 .debug_str     0x00001dce       0x18 .\CortexM3\ARM_GCC_541\Debug\sc_display.o
                                 0xdd (size before relaxing)
 .debug_str     0x00001de6       0xf9 .\CortexM3\ARM_GCC_541\Debug\sc_display_type.o
                                0x69b (size before relaxing)
 .debug_str     0x00001edf       0x16 .\CortexM3\ARM_GCC_541\Debug\sc_input.o
                                 0xdb (size before relaxing)
 .debug_str     0x00001ef5       0x2d .\CortexM3\ARM_GCC_541\Debug\sc_input_type.o
                                0x7da (size before relaxing)
 .debug_str     0x00001f22       0xf3 .\CortexM3\ARM_GCC_541\Debug\sp_common.o
                                0xbae (size before relaxing)
 .debug_str     0x00002015      0x194 .\CortexM3\ARM_GCC_541\Debug\cyfitter_cfg.o
                                0x339 (size before relaxing)
 .debug_str     0x000021a9       0x75 .\CortexM3\ARM_GCC_541\Debug\cymetadata.o
                                0x1d9 (size before relaxing)
 .debug_str     0x0000221e      0x13f .\CortexM3\ARM_GCC_541\Debug\Cm3Start.o
                                0x2ff (size before relaxing)
 .debug_str     0x0000235d      0x5b2 .\CortexM3\ARM_GCC_541\Debug\EClock.a(ErikaOS_ee_activate.o)
                                0x7fa (size before relaxing)
 .debug_str     0x0000290f       0x97 .\CortexM3\ARM_GCC_541\Debug\EClock.a(ErikaOS_ee_alsetrel.o)
                                0x5f2 (size before relaxing)
 .debug_str     0x000029a6      0x230 .\CortexM3\ARM_GCC_541\Debug\EClock.a(ErikaOS_ee_altick.o)
                                0xa55 (size before relaxing)
 .debug_str     0x00002bd6       0x2c .\CortexM3\ARM_GCC_541\Debug\EClock.a(ErikaOS_ee_evclear.o)
                                0x5d2 (size before relaxing)
 .debug_str     0x00002c02       0x5b .\CortexM3\ARM_GCC_541\Debug\EClock.a(ErikaOS_ee_evget.o)
                                0x542 (size before relaxing)
 .debug_str     0x00002c5d       0x2a .\CortexM3\ARM_GCC_541\Debug\EClock.a(ErikaOS_ee_evset.o)
                                0x7d2 (size before relaxing)
 .debug_str     0x00002c87       0x8d .\CortexM3\ARM_GCC_541\Debug\EClock.a(ErikaOS_ee_evwait.o)
                                0x816 (size before relaxing)
 .debug_str     0x00002d14       0xc8 .\CortexM3\ARM_GCC_541\Debug\EClock.a(ErikaOS_ee_irqendin.o)
                                0x6af (size before relaxing)
 .debug_str     0x00002ddc       0x2b .\CortexM3\ARM_GCC_541\Debug\EClock.a(ErikaOS_ee_lookup.o)
                                0x47e (size before relaxing)
 .debug_str     0x00002e07       0x8a .\CortexM3\ARM_GCC_541\Debug\EClock.a(ErikaOS_ee_rq_exchg.o)
                                0x4f0 (size before relaxing)
 .debug_str     0x00002e91       0x2d .\CortexM3\ARM_GCC_541\Debug\EClock.a(ErikaOS_ee_rq_first.o)
                                0x4bb (size before relaxing)
 .debug_str     0x00002ebe       0x38 .\CortexM3\ARM_GCC_541\Debug\EClock.a(ErikaOS_ee_rq_inser.o)
                                0x4f5 (size before relaxing)
 .debug_str     0x00002ef6      0xef2 .\CortexM3\ARM_GCC_541\Debug\EClock.a(ErikaOS_ee_startos.o)
                               0x1721 (size before relaxing)
 .debug_str     0x00003de8       0x5b .\CortexM3\ARM_GCC_541\Debug\EClock.a(ErikaOS_ee_terminat.o)
                                0x5df (size before relaxing)
 .debug_str     0x00003e43       0x80 .\CortexM3\ARM_GCC_541\Debug\EClock.a(ErikaOS_cortex_mx_ee_utils.o)
                                0x54d (size before relaxing)
 .debug_str     0x00003ec3       0x37 .\CortexM3\ARM_GCC_541\Debug\EClock.a(ErikaOS_common_ee_hal_structs.o)
                                0x48a (size before relaxing)
 .debug_str     0x00003efa      0x188 .\CortexM3\ARM_GCC_541\Debug\EClock.a(ErikaOS_eecfg.o)
                                0x7c3 (size before relaxing)
 .debug_str     0x00004082      0x285 .\CortexM3\ARM_GCC_541\Debug\EClock.a(TFT_SPI.o)
                                0x45b (size before relaxing)
 .debug_str     0x00004307       0x63 .\CortexM3\ARM_GCC_541\Debug\EClock.a(TFT_DC.o)
                                0x1dc (size before relaxing)
 .debug_str     0x0000436a       0x57 .\CortexM3\ARM_GCC_541\Debug\EClock.a(TFT_RES.o)
                                0x1e1 (size before relaxing)
 .debug_str     0x000043c1      0x14b .\CortexM3\ARM_GCC_541\Debug\EClock.a(TFT_BackLight.o)
                                0x332 (size before relaxing)
 .debug_str     0x0000450c      0x1a1 .\CortexM3\ARM_GCC_541\Debug\EClock.a(TFT_SPI_IntClock.o)
                                0x34f (size before relaxing)
 .debug_str     0x000046ad      0x23a .\CortexM3\ARM_GCC_541\Debug\EClock.a(CyLib.o)
                                0xa3c (size before relaxing)
 .debug_str     0x000048e7      0x2dc .\CortexM3\ARM_GCC_541\Debug\EClock.a(cyPm.o)
                                0x728 (size before relaxing)
 .debug_str     0x00004bc3      0x2c7 .\CortexM3\ARM_GCC_541\Debug\EClock.a(UART_LOG.o)
                                0x4e6 (size before relaxing)
 .debug_str     0x00004e8a      0x160 .\CortexM3\ARM_GCC_541\Debug\EClock.a(UART_LOG_IntClock.o)
                                0x35b (size before relaxing)
 .debug_str     0x00004fea       0x5c .\CortexM3\ARM_GCC_541\Debug\EClock.a(Button_1.o)
                                0x1e6 (size before relaxing)
 .debug_str     0x00005046       0x5c .\CortexM3\ARM_GCC_541\Debug\EClock.a(Button_2.o)
                                0x1e6 (size before relaxing)
 .debug_str     0x000050a2       0x56 .\CortexM3\ARM_GCC_541\Debug\EClock.a(ErikaOS_ee_tnterm.o)
                                0x4f1 (size before relaxing)
 .debug_str     0x000050f8       0x55 .\CortexM3\ARM_GCC_541\Debug\EClock.a(ErikaOS_ee_tstub.o)
                                0x5c8 (size before relaxing)
 .debug_str     0x0000514d       0x8a .\CortexM3\ARM_GCC_541\Debug\EClock.a(ErikaOS_cortex_mx_ee_context.o)
                                0x57f (size before relaxing)
 .debug_str     0x000051d7       0x65 .\CortexM3\ARM_GCC_541\Debug\EClock.a(CyFlash.o)
                                0x3b5 (size before relaxing)
 .debug_str     0x0000523c       0x64 .\CortexM3\ARM_GCC_541\Debug\EClock.a(CySpc.o)
                                0x32d (size before relaxing)
 .debug_str     0x000052a0       0x67 .\CortexM3\ARM_GCC_541\Debug\EClock.a(ErikaOS_ee_thendin.o)
                                0x745 (size before relaxing)

.debug_loc      0x00000000     0x5c1d
 *(.debug_loc)
 .debug_loc     0x00000000     0x1924 .\CortexM3\ARM_GCC_541\Debug\tft.o
 .debug_loc     0x00001924       0x4d .\CortexM3\ARM_GCC_541\Debug\logging.o
 .debug_loc     0x00001971      0x13a .\CortexM3\ARM_GCC_541\Debug\main.o
 .debug_loc     0x00001aab      0x25d .\CortexM3\ARM_GCC_541\Debug\swc_clock.o
 .debug_loc     0x00001d08      0x62e .\CortexM3\ARM_GCC_541\Debug\clock.o
 .debug_loc     0x00002336      0x368 .\CortexM3\ARM_GCC_541\Debug\statemachine.o
 .debug_loc     0x0000269e      0x10e .\CortexM3\ARM_GCC_541\Debug\rte.o
 .debug_loc     0x000027ac      0x1b0 .\CortexM3\ARM_GCC_541\Debug\sc_display_type.o
 .debug_loc     0x0000295c       0x1e .\CortexM3\ARM_GCC_541\Debug\sc_input_type.o
 .debug_loc     0x0000297a       0xf8 .\CortexM3\ARM_GCC_541\Debug\sp_common.o
 .debug_loc     0x00002a72      0x289 .\CortexM3\ARM_GCC_541\Debug\cyfitter_cfg.o
 .debug_loc     0x00002cfb      0x144 .\CortexM3\ARM_GCC_541\Debug\Cm3Start.o
 .debug_loc     0x00002e3f      0x12d .\CortexM3\ARM_GCC_541\Debug\EClock.a(ErikaOS_ee_activate.o)
 .debug_loc     0x00002f6c      0x1ed .\CortexM3\ARM_GCC_541\Debug\EClock.a(ErikaOS_ee_alsetrel.o)
 .debug_loc     0x00003159      0x46c .\CortexM3\ARM_GCC_541\Debug\EClock.a(ErikaOS_ee_altick.o)
 .debug_loc     0x000035c5       0xbc .\CortexM3\ARM_GCC_541\Debug\EClock.a(ErikaOS_ee_evclear.o)
 .debug_loc     0x00003681       0xa4 .\CortexM3\ARM_GCC_541\Debug\EClock.a(ErikaOS_ee_evget.o)
 .debug_loc     0x00003725      0x16b .\CortexM3\ARM_GCC_541\Debug\EClock.a(ErikaOS_ee_evset.o)
 .debug_loc     0x00003890      0x13f .\CortexM3\ARM_GCC_541\Debug\EClock.a(ErikaOS_ee_evwait.o)
 .debug_loc     0x000039cf       0x62 .\CortexM3\ARM_GCC_541\Debug\EClock.a(ErikaOS_ee_irqendin.o)
 .debug_loc     0x00003a31       0x4a .\CortexM3\ARM_GCC_541\Debug\EClock.a(ErikaOS_ee_rq_exchg.o)
 .debug_loc     0x00003a7b       0x36 .\CortexM3\ARM_GCC_541\Debug\EClock.a(ErikaOS_ee_rq_first.o)
 .debug_loc     0x00003ab1       0x1e .\CortexM3\ARM_GCC_541\Debug\EClock.a(ErikaOS_ee_rq_inser.o)
 .debug_loc     0x00003acf      0x1d8 .\CortexM3\ARM_GCC_541\Debug\EClock.a(ErikaOS_ee_startos.o)
 .debug_loc     0x00003ca7       0x50 .\CortexM3\ARM_GCC_541\Debug\EClock.a(ErikaOS_ee_terminat.o)
 .debug_loc     0x00003cf7       0x13 .\CortexM3\ARM_GCC_541\Debug\EClock.a(ErikaOS_cortex_mx_ee_utils.o)
 .debug_loc     0x00003d0a       0xfe .\CortexM3\ARM_GCC_541\Debug\EClock.a(TFT_SPI.o)
 .debug_loc     0x00003e08       0x42 .\CortexM3\ARM_GCC_541\Debug\EClock.a(TFT_DC.o)
 .debug_loc     0x00003e4a       0x42 .\CortexM3\ARM_GCC_541\Debug\EClock.a(TFT_RES.o)
 .debug_loc     0x00003e8c       0x13 .\CortexM3\ARM_GCC_541\Debug\EClock.a(TFT_BackLight.o)
 .debug_loc     0x00003e9f      0x12c .\CortexM3\ARM_GCC_541\Debug\EClock.a(TFT_SPI_IntClock.o)
 .debug_loc     0x00003fcb      0xa11 .\CortexM3\ARM_GCC_541\Debug\EClock.a(CyLib.o)
 .debug_loc     0x000049dc      0x1e4 .\CortexM3\ARM_GCC_541\Debug\EClock.a(cyPm.o)
 .debug_loc     0x00004bc0      0x258 .\CortexM3\ARM_GCC_541\Debug\EClock.a(UART_LOG.o)
 .debug_loc     0x00004e18      0x128 .\CortexM3\ARM_GCC_541\Debug\EClock.a(UART_LOG_IntClock.o)
 .debug_loc     0x00004f40       0x42 .\CortexM3\ARM_GCC_541\Debug\EClock.a(Button_1.o)
 .debug_loc     0x00004f82       0x42 .\CortexM3\ARM_GCC_541\Debug\EClock.a(Button_2.o)
 .debug_loc     0x00004fc4       0xc5 .\CortexM3\ARM_GCC_541\Debug\EClock.a(ErikaOS_cortex_mx_ee_context.o)
 .debug_loc     0x00005089      0x3b2 .\CortexM3\ARM_GCC_541\Debug\EClock.a(CyFlash.o)
 .debug_loc     0x0000543b      0x705 .\CortexM3\ARM_GCC_541\Debug\EClock.a(CySpc.o)
 .debug_loc     0x00005b40       0xdd .\CortexM3\ARM_GCC_541\Debug\EClock.a(ErikaOS_ee_thendin.o)

.debug_macinfo
 *(.debug_macinfo)

.debug_ranges   0x00000000      0xde0
 *(.debug_ranges)
 .debug_ranges  0x00000000      0x168 .\CortexM3\ARM_GCC_541\Debug\tft.o
 .debug_ranges  0x00000168       0x18 .\CortexM3\ARM_GCC_541\Debug\logging.o
 .debug_ranges  0x00000180       0x50 .\CortexM3\ARM_GCC_541\Debug\main.o
 .debug_ranges  0x000001d0       0x20 .\CortexM3\ARM_GCC_541\Debug\swc_clock.o
 .debug_ranges  0x000001f0       0x10 .\CortexM3\ARM_GCC_541\Debug\tsk_control.o
 .debug_ranges  0x00000200       0x10 .\CortexM3\ARM_GCC_541\Debug\tsk_input.o
 .debug_ranges  0x00000210       0x10 .\CortexM3\ARM_GCC_541\Debug\tsk_system.o